Archive member included to satisfy reference by file (symbol)

/usr/lib/gcc/arm-none-eabi/10.3.1/../../../arm-none-eabi/lib/thumb/v7e-m+dp/hard/libc_nano.a(lib_a-atexit.o)
                              /usr/lib/gcc/arm-none-eabi/10.3.1/../../../arm-none-eabi/lib/thumb/v7e-m+dp/hard/crt0.o (atexit)
/usr/lib/gcc/arm-none-eabi/10.3.1/../../../arm-none-eabi/lib/thumb/v7e-m+dp/hard/libc_nano.a(lib_a-errno.o)
                              build/sysmem.o (__errno)
/usr/lib/gcc/arm-none-eabi/10.3.1/../../../arm-none-eabi/lib/thumb/v7e-m+dp/hard/libc_nano.a(lib_a-exit.o)
                              /usr/lib/gcc/arm-none-eabi/10.3.1/../../../arm-none-eabi/lib/thumb/v7e-m+dp/hard/crt0.o (exit)
/usr/lib/gcc/arm-none-eabi/10.3.1/../../../arm-none-eabi/lib/thumb/v7e-m+dp/hard/libc_nano.a(lib_a-fini.o)
                              /usr/lib/gcc/arm-none-eabi/10.3.1/../../../arm-none-eabi/lib/thumb/v7e-m+dp/hard/crt0.o (__libc_fini_array)
/usr/lib/gcc/arm-none-eabi/10.3.1/../../../arm-none-eabi/lib/thumb/v7e-m+dp/hard/libc_nano.a(lib_a-impure.o)
                              /usr/lib/gcc/arm-none-eabi/10.3.1/../../../arm-none-eabi/lib/thumb/v7e-m+dp/hard/libc_nano.a(lib_a-exit.o) (_global_impure_ptr)
/usr/lib/gcc/arm-none-eabi/10.3.1/../../../arm-none-eabi/lib/thumb/v7e-m+dp/hard/libc_nano.a(lib_a-init.o)
                              /usr/lib/gcc/arm-none-eabi/10.3.1/../../../arm-none-eabi/lib/thumb/v7e-m+dp/hard/crt0.o (__libc_init_array)
/usr/lib/gcc/arm-none-eabi/10.3.1/../../../arm-none-eabi/lib/thumb/v7e-m+dp/hard/libc_nano.a(lib_a-memset.o)
                              /usr/lib/gcc/arm-none-eabi/10.3.1/../../../arm-none-eabi/lib/thumb/v7e-m+dp/hard/crt0.o (memset)
/usr/lib/gcc/arm-none-eabi/10.3.1/../../../arm-none-eabi/lib/thumb/v7e-m+dp/hard/libc_nano.a(lib_a-__atexit.o)
                              /usr/lib/gcc/arm-none-eabi/10.3.1/../../../arm-none-eabi/lib/thumb/v7e-m+dp/hard/libc_nano.a(lib_a-atexit.o) (__register_exitproc)
/usr/lib/gcc/arm-none-eabi/10.3.1/../../../arm-none-eabi/lib/thumb/v7e-m+dp/hard/libc_nano.a(lib_a-__call_atexit.o)
                              /usr/lib/gcc/arm-none-eabi/10.3.1/../../../arm-none-eabi/lib/thumb/v7e-m+dp/hard/libc_nano.a(lib_a-__atexit.o) (__call_exitprocs)

Discarded input sections

 .text          0x0000000000000000        0x0 /usr/lib/gcc/arm-none-eabi/10.3.1/thumb/v7e-m+dp/hard/crti.o
 .data          0x0000000000000000        0x0 /usr/lib/gcc/arm-none-eabi/10.3.1/thumb/v7e-m+dp/hard/crti.o
 .bss           0x0000000000000000        0x0 /usr/lib/gcc/arm-none-eabi/10.3.1/thumb/v7e-m+dp/hard/crti.o
 .data          0x0000000000000000        0x4 /usr/lib/gcc/arm-none-eabi/10.3.1/thumb/v7e-m+dp/hard/crtbegin.o
 .rodata        0x0000000000000000       0x24 /usr/lib/gcc/arm-none-eabi/10.3.1/thumb/v7e-m+dp/hard/crtbegin.o
 .text          0x0000000000000000       0x70 /usr/lib/gcc/arm-none-eabi/10.3.1/../../../arm-none-eabi/lib/thumb/v7e-m+dp/hard/crt0.o
 .data          0x0000000000000000        0x0 /usr/lib/gcc/arm-none-eabi/10.3.1/../../../arm-none-eabi/lib/thumb/v7e-m+dp/hard/crt0.o
 .bss           0x0000000000000000        0x0 /usr/lib/gcc/arm-none-eabi/10.3.1/../../../arm-none-eabi/lib/thumb/v7e-m+dp/hard/crt0.o
 .ARM.extab     0x0000000000000000        0x0 /usr/lib/gcc/arm-none-eabi/10.3.1/../../../arm-none-eabi/lib/thumb/v7e-m+dp/hard/crt0.o
 .ARM.exidx     0x0000000000000000       0x10 /usr/lib/gcc/arm-none-eabi/10.3.1/../../../arm-none-eabi/lib/thumb/v7e-m+dp/hard/crt0.o
 .debug_line    0x0000000000000000       0x87 /usr/lib/gcc/arm-none-eabi/10.3.1/../../../arm-none-eabi/lib/thumb/v7e-m+dp/hard/crt0.o
 .debug_info    0x0000000000000000       0x26 /usr/lib/gcc/arm-none-eabi/10.3.1/../../../arm-none-eabi/lib/thumb/v7e-m+dp/hard/crt0.o
 .debug_abbrev  0x0000000000000000       0x14 /usr/lib/gcc/arm-none-eabi/10.3.1/../../../arm-none-eabi/lib/thumb/v7e-m+dp/hard/crt0.o
 .debug_aranges
                0x0000000000000000       0x20 /usr/lib/gcc/arm-none-eabi/10.3.1/../../../arm-none-eabi/lib/thumb/v7e-m+dp/hard/crt0.o
 .debug_str     0x0000000000000000       0x98 /usr/lib/gcc/arm-none-eabi/10.3.1/../../../arm-none-eabi/lib/thumb/v7e-m+dp/hard/crt0.o
 .ARM.attributes
                0x0000000000000000       0x1c /usr/lib/gcc/arm-none-eabi/10.3.1/../../../arm-none-eabi/lib/thumb/v7e-m+dp/hard/crt0.o
 .text          0x0000000000000000        0x0 build/main.o
 .data          0x0000000000000000        0x0 build/main.o
 .bss           0x0000000000000000        0x0 build/main.o
 .text          0x0000000000000000        0x0 build/gpio.o
 .data          0x0000000000000000        0x0 build/gpio.o
 .bss           0x0000000000000000        0x0 build/gpio.o
 .text          0x0000000000000000        0x0 build/stm32h7xx_it.o
 .data          0x0000000000000000        0x0 build/stm32h7xx_it.o
 .bss           0x0000000000000000        0x0 build/stm32h7xx_it.o
 .text          0x0000000000000000        0x0 build/stm32h7xx_hal_msp.o
[...]
Memory Configuration

Name             Origin             Length             Attributes
DTCMRAM          0x0000000020000000 0x0000000000020000 xrw
RAM_D1           0x0000000024000000 0x0000000000080000 xrw
RAM_D2           0x0000000030000000 0x0000000000048000 xrw
RAM_D3           0x0000000038000000 0x0000000000010000 xrw
ITCMRAM          0x0000000000000000 0x0000000000010000 xrw
FLASH            0x0000000008000000 0x0000000000020000 xr
*default*        0x0000000000000000 0xffffffffffffffff

Linker script and memory map

LOAD /usr/lib/gcc/arm-none-eabi/10.3.1/thumb/v7e-m+dp/hard/crti.o
LOAD /usr/lib/gcc/arm-none-eabi/10.3.1/thumb/v7e-m+dp/hard/crtbegin.o
LOAD /usr/lib/gcc/arm-none-eabi/10.3.1/../../../arm-none-eabi/lib/thumb/v7e-m+dp/hard/crt0.o
LOAD build/main.o
LOAD build/gpio.o
LOAD build/stm32h7xx_it.o
LOAD build/stm32h7xx_hal_msp.o
LOAD build/stm32h7xx_hal_cortex.o
LOAD build/stm32h7xx_hal_tim.o
LOAD build/stm32h7xx_hal_tim_ex.o
LOAD build/stm32h7xx_hal_rcc.o
LOAD build/stm32h7xx_hal_rcc_ex.o
LOAD build/stm32h7xx_hal_flash.o
LOAD build/stm32h7xx_hal_flash_ex.o
LOAD build/stm32h7xx_hal_gpio.o
LOAD build/stm32h7xx_hal_hsem.o
LOAD build/stm32h7xx_hal_dma.o
LOAD build/stm32h7xx_hal_dma_ex.o
LOAD build/stm32h7xx_hal_mdma.o
LOAD build/stm32h7xx_hal_pwr.o
LOAD build/stm32h7xx_hal_pwr_ex.o
LOAD build/stm32h7xx_hal.o
LOAD build/stm32h7xx_hal_i2c.o
LOAD build/stm32h7xx_hal_i2c_ex.o
LOAD build/stm32h7xx_hal_exti.o
LOAD build/system_stm32h7xx.o
LOAD build/sysmem.o
LOAD build/syscalls.o
LOAD build/startup_stm32h750xx.o
LOAD /usr/lib/gcc/arm-none-eabi/10.3.1/../../../arm-none-eabi/lib/thumb/v7e-m+dp/hard/libc_nano.a
LOAD /usr/lib/gcc/arm-none-eabi/10.3.1/../../../arm-none-eabi/lib/thumb/v7e-m+dp/hard/libm.a
LOAD /usr/lib/gcc/arm-none-eabi/10.3.1/../../../arm-none-eabi/lib/thumb/v7e-m+dp/hard/libnosys.a
START GROUP
LOAD /usr/lib/gcc/arm-none-eabi/10.3.1/thumb/v7e-m+dp/hard/libgcc.a
LOAD /usr/lib/gcc/arm-none-eabi/10.3.1/../../../arm-none-eabi/lib/thumb/v7e-m+dp/hard/libc_nano.a
END GROUP
START GROUP
LOAD /usr/lib/gcc/arm-none-eabi/10.3.1/thumb/v7e-m+dp/hard/libgcc.a
LOAD /usr/lib/gcc/arm-none-eabi/10.3.1/../../../arm-none-eabi/lib/thumb/v7e-m+dp/hard/libc_nano.a
END GROUP
LOAD /usr/lib/gcc/arm-none-eabi/10.3.1/thumb/v7e-m+dp/hard/crtend.o
LOAD /usr/lib/gcc/arm-none-eabi/10.3.1/thumb/v7e-m+dp/hard/crtn.o
                0x0000000020020000                _estack = (ORIGIN (DTCMRAM) + LENGTH (DTCMRAM))
                0x0000000000000200                _Min_Heap_Size = 0x200
                0x0000000000000400                _Min_Stack_Size = 0x400

.isr_vector     0x0000000008000000      0x298
                0x0000000008000000                . = ALIGN (0x4)
 *(.isr_vector)
 .isr_vector    0x0000000008000000      0x298 build/startup_stm32h750xx.o
                0x0000000008000000                g_pfnVectors
                0x0000000008000298                . = ALIGN (0x4)

.text           0x0000000008000298     0x1c94
                0x0000000008000298                . = ALIGN (0x4)
 *(.text)
 .text          0x0000000008000298       0x88 /usr/lib/gcc/arm-none-eabi/10.3.1/thumb/v7e-m+dp/hard/crtbegin.o
 .text          0x0000000008000320       0x48 /usr/lib/gcc/arm-none-eabi/10.3.1/../../../arm-none-eabi/lib/thumb/v7e-m+dp/hard/libc_nano.a(lib_a-init.o)
                0x0000000008000320                __libc_init_array
 .text          0x0000000008000368       0xa4 /usr/lib/gcc/arm-none-eabi/10.3.1/../../../arm-none-eabi/lib/thumb/v7e-m+dp/hard/libc_nano.a(lib_a-memset.o)
                0x0000000008000368                memset
 *(.text*)
 .text.MPU_Config
                0x000000000800040c       0x52 build/main.o
 .text.Error_Handler
                0x000000000800045e        0x4 build/main.o
                0x000000000800045e                Error_Handler
 *fill*         0x0000000008000462        0x2 
 .text.SystemClock_Config
                0x0000000008000464       0xa4 build/main.o
                0x0000000008000464                SystemClock_Config
 .text.main     0x0000000008000508       0x14 build/main.o
                0x0000000008000508                main
 .text.assert_failed
                0x000000000800051c        0x2 build/main.o
                0x000000000800051c                assert_failed
 *fill*         0x000000000800051e        0x2 
 .text.MX_GPIO_Init
                0x0000000008000520      0x218 build/gpio.o
                0x0000000008000520                MX_GPIO_Init
 .text.NMI_Handler
                0x0000000008000738        0x2 build/stm32h7xx_it.o
                0x0000000008000738                NMI_Handler
 .text.HardFault_Handler
                0x000000000800073a        0x2 build/stm32h7xx_it.o
                0x000000000800073a                HardFault_Handler
 .text.MemManage_Handler
                0x000000000800073c        0x2 build/stm32h7xx_it.o
                0x000000000800073c                MemManage_Handler
 .text.BusFault_Handler
                0x000000000800073e        0x2 build/stm32h7xx_it.o
                0x000000000800073e                BusFault_Handler
 .text.UsageFault_Handler
                0x0000000008000740        0x2 build/stm32h7xx_it.o
                0x0000000008000740                UsageFault_Handler
 .text.SVC_Handler
                0x0000000008000742        0x2 build/stm32h7xx_it.o
                0x0000000008000742                SVC_Handler
 .text.DebugMon_Handler
                0x0000000008000744        0x2 build/stm32h7xx_it.o
                0x0000000008000744                DebugMon_Handler
 .text.PendSV_Handler
                0x0000000008000746        0x2 build/stm32h7xx_it.o
                0x0000000008000746                PendSV_Handler
 .text.SysTick_Handler
                0x0000000008000748        0x8 build/stm32h7xx_it.o
                0x0000000008000748                SysTick_Handler
 .text.HAL_MspInit
                0x0000000008000750       0x24 build/stm32h7xx_hal_msp.o
                0x0000000008000750                HAL_MspInit
 .text.HAL_NVIC_SetPriorityGrouping
                0x0000000008000774       0x3c build/stm32h7xx_hal_cortex.o
                0x0000000008000774                HAL_NVIC_SetPriorityGrouping
 .text.HAL_NVIC_SetPriority
                0x00000000080007b0       0x88 build/stm32h7xx_hal_cortex.o
                0x00000000080007b0                HAL_NVIC_SetPriority
 .text.HAL_SYSTICK_Config
                0x0000000008000838       0x28 build/stm32h7xx_hal_cortex.o
                0x0000000008000838                HAL_SYSTICK_Config
 .text.HAL_MPU_Disable
                0x0000000008000860       0x1c build/stm32h7xx_hal_cortex.o
                0x0000000008000860                HAL_MPU_Disable
 .text.HAL_MPU_Enable
                0x000000000800087c       0x20 build/stm32h7xx_hal_cortex.o
                0x000000000800087c                HAL_MPU_Enable
 .text.HAL_MPU_ConfigRegion
                0x000000000800089c      0x120 build/stm32h7xx_hal_cortex.o
                0x000000000800089c                HAL_MPU_ConfigRegion
 .text.HAL_RCC_OscConfig
                0x00000000080009bc      0x880 build/stm32h7xx_hal_rcc.o
                0x00000000080009bc                HAL_RCC_OscConfig
 .text.HAL_RCC_GetSysClockFreq
                0x000000000800123c      0x1f4 build/stm32h7xx_hal_rcc.o
                0x000000000800123c                HAL_RCC_GetSysClockFreq
 .text.HAL_RCC_ClockConfig
                0x0000000008001430      0x4b4 build/stm32h7xx_hal_rcc.o
                0x0000000008001430                HAL_RCC_ClockConfig
 .text.HAL_GPIO_Init
                0x00000000080018e4      0x390 build/stm32h7xx_hal_gpio.o
                0x00000000080018e4                HAL_GPIO_Init
 .text.HAL_GPIO_WritePin
                0x0000000008001c74       0x38 build/stm32h7xx_hal_gpio.o
                0x0000000008001c74                HAL_GPIO_WritePin
 .text.HAL_PWREx_ConfigSupply
                0x0000000008001cac       0x6c build/stm32h7xx_hal_pwr_ex.o
                0x0000000008001cac                HAL_PWREx_ConfigSupply
 .text.HAL_InitTick
                0x0000000008001d18       0x50 build/stm32h7xx_hal.o
                0x0000000008001d18                HAL_InitTick
 .text.HAL_Init
                0x0000000008001d68       0x5c build/stm32h7xx_hal.o
                0x0000000008001d68                HAL_Init
 .text.HAL_IncTick
                0x0000000008001dc4       0x18 build/stm32h7xx_hal.o
                0x0000000008001dc4                HAL_IncTick
 .text.HAL_GetTick
                0x0000000008001ddc        0xc build/stm32h7xx_hal.o
                0x0000000008001ddc                HAL_GetTick
 .text.HAL_GetREVID
                0x0000000008001de8        0xc build/stm32h7xx_hal.o
                0x0000000008001de8                HAL_GetREVID
 .text.SystemInit
                0x0000000008001df4       0xcc build/system_stm32h7xx.o
                0x0000000008001df4                SystemInit
 .text.Reset_Handler
                0x0000000008001ec0       0x50 build/startup_stm32h750xx.o
                0x0000000008001ec0                Reset_Handler
 .text.Default_Handler
                0x0000000008001f10        0x2 build/startup_stm32h750xx.o
                0x0000000008001f10                RTC_Alarm_IRQHandler
                0x0000000008001f10                HASH_RNG_IRQHandler
                0x0000000008001f10                EXTI2_IRQHandler
                0x0000000008001f10                TIM8_CC_IRQHandler
                0x0000000008001f10                HRTIM1_Master_IRQHandler
                0x0000000008001f10                UART8_IRQHandler
                0x0000000008001f10                SPI4_IRQHandler
                0x0000000008001f10                TIM1_CC_IRQHandler
                0x0000000008001f10                BDMA_Channel6_IRQHandler
                0x0000000008001f10                DMA2_Stream5_IRQHandler
                0x0000000008001f10                HRTIM1_FLT_IRQHandler
                0x0000000008001f10                JPEG_IRQHandler
                0x0000000008001f10                DMA1_Stream5_IRQHandler
                0x0000000008001f10                BDMA_Channel1_IRQHandler
                0x0000000008001f10                HRTIM1_TIMD_IRQHandler
                0x0000000008001f10                TAMP_STAMP_IRQHandler
                0x0000000008001f10                EXTI3_IRQHandler
                0x0000000008001f10                LPTIM4_IRQHandler
                0x0000000008001f10                TIM8_TRG_COM_TIM14_IRQHandler
                0x0000000008001f10                LPTIM2_IRQHandler
                0x0000000008001f10                DFSDM1_FLT1_IRQHandler
                0x0000000008001f10                DMAMUX2_OVR_IRQHandler
                0x0000000008001f10                TIM8_UP_TIM13_IRQHandler
                0x0000000008001f10                I2C3_ER_IRQHandler
                0x0000000008001f10                DFSDM1_FLT2_IRQHandler
                0x0000000008001f10                MDMA_IRQHandler
                0x0000000008001f10                LPTIM3_IRQHandler
                0x0000000008001f10                HSEM1_IRQHandler
                0x0000000008001f10                EXTI0_IRQHandler
                0x0000000008001f10                I2C2_EV_IRQHandler
                0x0000000008001f10                DMA1_Stream2_IRQHandler
                0x0000000008001f10                FPU_IRQHandler
                0x0000000008001f10                OTG_HS_WKUP_IRQHandler
                0x0000000008001f10                FDCAN1_IT1_IRQHandler
                0x0000000008001f10                LTDC_ER_IRQHandler
                0x0000000008001f10                DMA2_Stream2_IRQHandler
                0x0000000008001f10                HRTIM1_TIME_IRQHandler
                0x0000000008001f10                SPI1_IRQHandler
                0x0000000008001f10                TIM6_DAC_IRQHandler
                0x0000000008001f10                DCMI_IRQHandler
                0x0000000008001f10                HRTIM1_TIMC_IRQHandler
                0x0000000008001f10                DMA2_Stream3_IRQHandler
                0x0000000008001f10                SAI2_IRQHandler
                0x0000000008001f10                DFSDM1_FLT3_IRQHandler
                0x0000000008001f10                USART6_IRQHandler
                0x0000000008001f10                TIM17_IRQHandler
                0x0000000008001f10                USART3_IRQHandler
                0x0000000008001f10                BDMA_Channel7_IRQHandler
                0x0000000008001f10                CRYP_IRQHandler
                0x0000000008001f10                LPTIM5_IRQHandler
                0x0000000008001f10                UART5_IRQHandler
                0x0000000008001f10                ADC3_IRQHandler
                0x0000000008001f10                DMA2_Stream0_IRQHandler
                0x0000000008001f10                TIM4_IRQHandler
                0x0000000008001f10                BDMA_Channel2_IRQHandler
                0x0000000008001f10                QUADSPI_IRQHandler
                0x0000000008001f10                I2C1_EV_IRQHandler
                0x0000000008001f10                DMA1_Stream6_IRQHandler
                0x0000000008001f10                DMAMUX1_OVR_IRQHandler
                0x0000000008001f10                DMA1_Stream1_IRQHandler
                0x0000000008001f10                TIM16_IRQHandler
                0x0000000008001f10                UART4_IRQHandler
                0x0000000008001f10                BDMA_Channel5_IRQHandler
                0x0000000008001f10                TIM3_IRQHandler
                0x0000000008001f10                RCC_IRQHandler
                0x0000000008001f10                TIM8_BRK_TIM12_IRQHandler
                0x0000000008001f10                TIM1_TRG_COM_IRQHandler
                0x0000000008001f10                Default_Handler
                0x0000000008001f10                ECC_IRQHandler
                0x0000000008001f10                CEC_IRQHandler
                0x0000000008001f10                EXTI15_10_IRQHandler
                0x0000000008001f10                BDMA_Channel0_IRQHandler
                0x0000000008001f10                ADC_IRQHandler
                0x0000000008001f10                DMA1_Stream7_IRQHandler
                0x0000000008001f10                HRTIM1_TIMA_IRQHandler
                0x0000000008001f10                SPI5_IRQHandler
                0x0000000008001f10                TIM7_IRQHandler
                0x0000000008001f10                SDMMC1_IRQHandler
                0x0000000008001f10                TIM5_IRQHandler
                0x0000000008001f10                DMA2_Stream7_IRQHandler
                0x0000000008001f10                TIM15_IRQHandler
                0x0000000008001f10                PVD_AVD_IRQHandler
                0x0000000008001f10                I2C3_EV_IRQHandler
                0x0000000008001f10                EXTI9_5_IRQHandler
                0x0000000008001f10                RTC_WKUP_IRQHandler
                0x0000000008001f10                LTDC_IRQHandler
                0x0000000008001f10                SAI3_IRQHandler
                0x0000000008001f10                ETH_WKUP_IRQHandler
                0x0000000008001f10                SPDIF_RX_IRQHandler
                0x0000000008001f10                SPI2_IRQHandler
                0x0000000008001f10                OTG_HS_EP1_IN_IRQHandler
                0x0000000008001f10                DMA1_Stream0_IRQHandler
                0x0000000008001f10                CRS_IRQHandler
                0x0000000008001f10                EXTI4_IRQHandler
                0x0000000008001f10                HRTIM1_TIMB_IRQHandler
                0x0000000008001f10                FDCAN2_IT1_IRQHandler
                0x0000000008001f10                ETH_IRQHandler
                0x0000000008001f10                TIM1_UP_IRQHandler
                0x0000000008001f10                BDMA_Channel4_IRQHandler
                0x0000000008001f10                OTG_HS_EP1_OUT_IRQHandler
                0x0000000008001f10                WWDG_IRQHandler
                0x0000000008001f10                SPI6_IRQHandler
                0x0000000008001f10                MDIOS_IRQHandler
                0x0000000008001f10                I2C4_EV_IRQHandler
                0x0000000008001f10                FDCAN2_IT0_IRQHandler
                0x0000000008001f10                LPUART1_IRQHandler
                0x0000000008001f10                FDCAN1_IT0_IRQHandler
                0x0000000008001f10                TIM2_IRQHandler
                0x0000000008001f10                OTG_FS_WKUP_IRQHandler
                0x0000000008001f10                OTG_HS_IRQHandler
                0x0000000008001f10                DMA2D_IRQHandler
                0x0000000008001f10                TIM1_BRK_IRQHandler
                0x0000000008001f10                EXTI1_IRQHandler
                0x0000000008001f10                SDMMC2_IRQHandler
                0x0000000008001f10                OTG_FS_EP1_OUT_IRQHandler
                0x0000000008001f10                BDMA_Channel3_IRQHandler
                0x0000000008001f10                UART7_IRQHandler
                0x0000000008001f10                MDIOS_WKUP_IRQHandler
                0x0000000008001f10                USART2_IRQHandler
                0x0000000008001f10                DFSDM1_FLT0_IRQHandler
                0x0000000008001f10                SAI4_IRQHandler
                0x0000000008001f10                I2C2_ER_IRQHandler
                0x0000000008001f10                DMA2_Stream1_IRQHandler
                0x0000000008001f10                FLASH_IRQHandler
                0x0000000008001f10                DMA2_Stream4_IRQHandler
                0x0000000008001f10                USART1_IRQHandler
                0x0000000008001f10                OTG_FS_IRQHandler
                0x0000000008001f10                SPI3_IRQHandler
                0x0000000008001f10                WAKEUP_PIN_IRQHandler
                0x0000000008001f10                DMA1_Stream4_IRQHandler
                0x0000000008001f10                OTG_FS_EP1_IN_IRQHandler
                0x0000000008001f10                I2C1_ER_IRQHandler
                0x0000000008001f10                FMC_IRQHandler
                0x0000000008001f10                FDCAN_CAL_IRQHandler
                0x0000000008001f10                SWPMI1_IRQHandler
                0x0000000008001f10                COMP1_IRQHandler
                0x0000000008001f10                LPTIM1_IRQHandler
                0x0000000008001f10                I2C4_ER_IRQHandler
                0x0000000008001f10                DMA2_Stream6_IRQHandler
                0x0000000008001f10                SAI1_IRQHandler
                0x0000000008001f10                DMA1_Stream3_IRQHandler
 *(.glue_7)
 .glue_7        0x0000000008001f12        0x0 linker stubs
 *(.glue_7t)
 .glue_7t       0x0000000008001f12        0x0 linker stubs
 *(.eh_frame)
 *fill*         0x0000000008001f12        0x2 
 .eh_frame      0x0000000008001f14        0x0 /usr/lib/gcc/arm-none-eabi/10.3.1/thumb/v7e-m+dp/hard/crtbegin.o
 *(.init)
 .init          0x0000000008001f14        0x4 /usr/lib/gcc/arm-none-eabi/10.3.1/thumb/v7e-m+dp/hard/crti.o
                0x0000000008001f14                _init
 .init          0x0000000008001f18        0x8 /usr/lib/gcc/arm-none-eabi/10.3.1/thumb/v7e-m+dp/hard/crtn.o
 *(.fini)
 .fini          0x0000000008001f20        0x4 /usr/lib/gcc/arm-none-eabi/10.3.1/thumb/v7e-m+dp/hard/crti.o
                0x0000000008001f20                _fini
 .fini          0x0000000008001f24        0x8 /usr/lib/gcc/arm-none-eabi/10.3.1/thumb/v7e-m+dp/hard/crtn.o
                0x0000000008001f2c                . = ALIGN (0x4)
                0x0000000008001f2c                _etext = .

.vfp11_veneer   0x0000000008001f2c        0x0
 .vfp11_veneer  0x0000000008001f2c        0x0 linker stubs

.v4_bx          0x0000000008001f2c        0x0
 .v4_bx         0x0000000008001f2c        0x0 linker stubs

.iplt           0x0000000008001f2c        0x0
 .iplt          0x0000000008001f2c        0x0 /usr/lib/gcc/arm-none-eabi/10.3.1/thumb/v7e-m+dp/hard/crtbegin.o

.rodata         0x0000000008001f2c       0xf0
                0x0000000008001f2c                . = ALIGN (0x4)
 *(.rodata)
 *(.rodata*)
 .rodata.HAL_NVIC_SetPriorityGrouping.str1.4
                0x0000000008001f2c       0x38 build/stm32h7xx_hal_cortex.o
 .rodata.HAL_RCC_OscConfig.str1.4
                0x0000000008001f64       0x35 build/stm32h7xx_hal_rcc.o
 *fill*         0x0000000008001f99        0x3 
 .rodata.HAL_GPIO_Init.str1.4
                0x0000000008001f9c       0x36 build/stm32h7xx_hal_gpio.o
 *fill*         0x0000000008001fd2        0x2 
 .rodata.HAL_PWREx_ConfigSupply.str1.4
                0x0000000008001fd4       0x38 build/stm32h7xx_hal_pwr_ex.o
 .rodata.D1CorePrescTable
                0x000000000800200c       0x10 build/system_stm32h7xx.o
                0x000000000800200c                D1CorePrescTable
                0x000000000800201c                . = ALIGN (0x4)

.rel.dyn        0x000000000800201c        0x0
 .rel.iplt      0x000000000800201c        0x0 /usr/lib/gcc/arm-none-eabi/10.3.1/thumb/v7e-m+dp/hard/crtbegin.o

.ARM.extab
 *(.ARM.extab* .gnu.linkonce.armextab.*)

.ARM            0x000000000800201c        0x0
                0x000000000800201c                __exidx_start = .
 *(.ARM.exidx*)
                0x000000000800201c                __exidx_end = .

.preinit_array  0x000000000800201c        0x0
                0x000000000800201c                PROVIDE (__preinit_array_start = .)
 *(.preinit_array*)
                0x000000000800201c                PROVIDE (__preinit_array_end = .)

.init_array     0x000000000800201c        0x4
                0x000000000800201c                PROVIDE (__init_array_start = .)
 *(SORT_BY_NAME(.init_array.*))
 *(.init_array*)
 .init_array    0x000000000800201c        0x4 /usr/lib/gcc/arm-none-eabi/10.3.1/thumb/v7e-m+dp/hard/crtbegin.o
                0x0000000008002020                PROVIDE (__init_array_end = .)

.fini_array     0x0000000008002020        0x4
                0x0000000008002020                PROVIDE (__fini_array_start = .)
 *(SORT_BY_NAME(.fini_array.*))
 *(.fini_array*)
 .fini_array    0x0000000008002020        0x4 /usr/lib/gcc/arm-none-eabi/10.3.1/thumb/v7e-m+dp/hard/crtbegin.o
                0x0000000008002024                PROVIDE (__fini_array_end = .)
                0x0000000008002024                _sidata = LOADADDR (.data)

.data           0x0000000020000000       0x10 load address 0x0000000008002024
                0x0000000020000000                . = ALIGN (0x4)
                0x0000000020000000                _sdata = .
 *(.data)
 *(.data*)
 .data.uwTickFreq
                0x0000000020000000        0x1 build/stm32h7xx_hal.o
                0x0000000020000000                uwTickFreq
 *fill*         0x0000000020000001        0x3 
 .data.uwTickPrio
                0x0000000020000004        0x4 build/stm32h7xx_hal.o
                0x0000000020000004                uwTickPrio
 .data.SystemCoreClock
                0x0000000020000008        0x4 build/system_stm32h7xx.o
                0x0000000020000008                SystemCoreClock
 .data.SystemD2Clock
                0x000000002000000c        0x4 build/system_stm32h7xx.o
                0x000000002000000c                SystemD2Clock
                0x0000000020000010                . = ALIGN (0x4)
                0x0000000020000010                _edata = .

.tm_clone_table
                0x0000000020000010        0x0 load address 0x0000000008002034
 .tm_clone_table
                0x0000000020000010        0x0 /usr/lib/gcc/arm-none-eabi/10.3.1/thumb/v7e-m+dp/hard/crtbegin.o
 .tm_clone_table
                0x0000000020000010        0x0 /usr/lib/gcc/arm-none-eabi/10.3.1/thumb/v7e-m+dp/hard/crtend.o

.igot.plt       0x0000000020000010        0x0 load address 0x0000000008002034
 .igot.plt      0x0000000020000010        0x0 /usr/lib/gcc/arm-none-eabi/10.3.1/thumb/v7e-m+dp/hard/crtbegin.o
                0x0000000020000010                . = ALIGN (0x4)

.bss            0x0000000020000010       0x20 load address 0x0000000008002034
                0x0000000020000010                _sbss = .
                0x0000000020000010                __bss_start__ = _sbss
 *(.bss)
 .bss           0x0000000020000010       0x1c /usr/lib/gcc/arm-none-eabi/10.3.1/thumb/v7e-m+dp/hard/crtbegin.o
 *(.bss*)
 .bss.uwTick    0x000000002000002c        0x4 build/stm32h7xx_hal.o
                0x000000002000002c                uwTick
 *(COMMON)
                0x0000000020000030                . = ALIGN (0x4)
                0x0000000020000030                _ebss = .
                0x0000000020000030                __bss_end__ = _ebss

._user_heap_stack
                0x0000000020000030      0x600 load address 0x0000000008002034
                0x0000000020000030                . = ALIGN (0x8)
                [!provide]                        PROVIDE (end = .)
                0x0000000020000030                PROVIDE (_end = .)
                0x0000000020000230                . = (. + _Min_Heap_Size)
 *fill*         0x0000000020000030      0x200 
                0x0000000020000630                . = (. + _Min_Stack_Size)
 *fill*         0x0000000020000230      0x400 
                0x0000000020000630                . = ALIGN (0x8)

/DISCARD/
 libc.a(*)
 libm.a(*)
 libgcc.a(*)

.ARM.attributes
                0x0000000000000000       0x2e
 *(.ARM.attributes)
 .ARM.attributes
                0x0000000000000000       0x1e /usr/lib/gcc/arm-none-eabi/10.3.1/thumb/v7e-m+dp/hard/crti.o
 .ARM.attributes
                0x000000000000001e       0x32 /usr/lib/gcc/arm-none-eabi/10.3.1/thumb/v7e-m+dp/hard/crtbegin.o
 .ARM.attributes
                0x0000000000000050       0x32 build/main.o
 .ARM.attributes
                0x0000000000000082       0x32 build/gpio.o
 .ARM.attributes
                0x00000000000000b4       0x32 build/stm32h7xx_it.o
 .ARM.attributes
                0x00000000000000e6       0x32 build/stm32h7xx_hal_msp.o
 .ARM.attributes
                0x0000000000000118       0x32 build/stm32h7xx_hal_cortex.o
 .ARM.attributes
                0x000000000000014a       0x32 build/stm32h7xx_hal_rcc.o
 .ARM.attributes
                0x000000000000017c       0x32 build/stm32h7xx_hal_gpio.o
 .ARM.attributes
                0x00000000000001ae       0x32 build/stm32h7xx_hal_pwr_ex.o
 .ARM.attributes
                0x00000000000001e0       0x32 build/stm32h7xx_hal.o
 .ARM.attributes
                0x0000000000000212       0x32 build/system_stm32h7xx.o
 .ARM.attributes
                0x0000000000000244       0x21 build/startup_stm32h750xx.o
 .ARM.attributes
                0x0000000000000265       0x32 /usr/lib/gcc/arm-none-eabi/10.3.1/../../../arm-none-eabi/lib/thumb/v7e-m+dp/hard/libc_nano.a(lib_a-init.o)
 .ARM.attributes
                0x0000000000000297       0x32 /usr/lib/gcc/arm-none-eabi/10.3.1/../../../arm-none-eabi/lib/thumb/v7e-m+dp/hard/libc_nano.a(lib_a-memset.o)
 .ARM.attributes
                0x00000000000002c9       0x30 /usr/lib/gcc/arm-none-eabi/10.3.1/thumb/v7e-m+dp/hard/crtend.o
 .ARM.attributes
                0x00000000000002f9       0x1e /usr/lib/gcc/arm-none-eabi/10.3.1/thumb/v7e-m+dp/hard/crtn.o
OUTPUT(build/Test1.elf elf32-littlearm)
LOAD linker stubs
LOAD /usr/lib/gcc/arm-none-eabi/10.3.1/../../../arm-none-eabi/lib/thumb/v7e-m+dp/hard/libc.a
LOAD /usr/lib/gcc/arm-none-eabi/10.3.1/../../../arm-none-eabi/lib/thumb/v7e-m+dp/hard/libm.a
LOAD /usr/lib/gcc/arm-none-eabi/10.3.1/thumb/v7e-m+dp/hard/libgcc.a

.comment        0x0000000000000000       0x33
 .comment       0x0000000000000000       0x33 /usr/lib/gcc/arm-none-eabi/10.3.1/thumb/v7e-m+dp/hard/crtbegin.o
                                         0x34 (size before relaxing)
 .comment       0x0000000000000033       0x34 build/main.o
 .comment       0x0000000000000033       0x34 build/gpio.o
 .comment       0x0000000000000033       0x34 build/stm32h7xx_it.o
 .comment       0x0000000000000033       0x34 build/stm32h7xx_hal_msp.o
 .comment       0x0000000000000033       0x34 build/stm32h7xx_hal_cortex.o
 .comment       0x0000000000000033       0x34 build/stm32h7xx_hal_rcc.o
 .comment       0x0000000000000033       0x34 build/stm32h7xx_hal_gpio.o
 .comment       0x0000000000000033       0x34 build/stm32h7xx_hal_pwr_ex.o
 .comment       0x0000000000000033       0x34 build/stm32h7xx_hal.o
 .comment       0x0000000000000033       0x34 build/system_stm32h7xx.o
 .comment       0x0000000000000033       0x34 /usr/lib/gcc/arm-none-eabi/10.3.1/../../../arm-none-eabi/lib/thumb/v7e-m+dp/hard/libc_nano.a(lib_a-init.o)
 .comment       0x0000000000000033       0x34 /usr/lib/gcc/arm-none-eabi/10.3.1/../../../arm-none-eabi/lib/thumb/v7e-m+dp/hard/libc_nano.a(lib_a-memset.o)
 .comment       0x0000000000000033       0x34 /usr/lib/gcc/arm-none-eabi/10.3.1/thumb/v7e-m+dp/hard/crtend.o

.debug_info     0x0000000000000000     0x9c63
 .debug_info    0x0000000000000000      0x8fe build/main.o
 .debug_info    0x00000000000008fe      0x94b build/gpio.o
 .debug_info    0x0000000000001249      0x170 build/stm32h7xx_it.o
 .debug_info    0x00000000000013b9      0x537 build/stm32h7xx_hal_msp.o
 .debug_info    0x00000000000018f0     0x1824 build/stm32h7xx_hal_cortex.o
 .debug_info    0x0000000000003114     0x1837 build/stm32h7xx_hal_rcc.o
 .debug_info    0x000000000000494b     0x10c4 build/stm32h7xx_hal_gpio.o
 .debug_info    0x0000000000005a0f     0x15fc build/stm32h7xx_hal_pwr_ex.o
 .debug_info    0x000000000000700b     0x1b48 build/stm32h7xx_hal.o
 .debug_info    0x0000000000008b53      0xe9d build/system_stm32h7xx.o
 .debug_info    0x00000000000099f0       0x22 build/startup_stm32h750xx.o
 .debug_info    0x0000000000009a12      0x11a /usr/lib/gcc/arm-none-eabi/10.3.1/../../../arm-none-eabi/lib/thumb/v7e-m+dp/hard/libc_nano.a(lib_a-init.o)
 .debug_info    0x0000000000009b2c      0x137 /usr/lib/gcc/arm-none-eabi/10.3.1/../../../arm-none-eabi/lib/thumb/v7e-m+dp/hard/libc_nano.a(lib_a-memset.o)

.debug_abbrev   0x0000000000000000     0x152c
 .debug_abbrev  0x0000000000000000      0x226 build/main.o
 .debug_abbrev  0x0000000000000226      0x174 build/gpio.o
 .debug_abbrev  0x000000000000039a       0x81 build/stm32h7xx_it.o
 .debug_abbrev  0x000000000000041b       0xc8 build/stm32h7xx_hal_msp.o
 .debug_abbrev  0x00000000000004e3      0x3d1 build/stm32h7xx_hal_cortex.o
 .debug_abbrev  0x00000000000008b4      0x27d build/stm32h7xx_hal_rcc.o
 .debug_abbrev  0x0000000000000b31      0x272 build/stm32h7xx_hal_gpio.o
 .debug_abbrev  0x0000000000000da3      0x299 build/stm32h7xx_hal_pwr_ex.o
 .debug_abbrev  0x000000000000103c      0x234 build/stm32h7xx_hal.o
 .debug_abbrev  0x0000000000001270      0x12a build/system_stm32h7xx.o
 .debug_abbrev  0x000000000000139a       0x12 build/startup_stm32h750xx.o
 .debug_abbrev  0x00000000000013ac       0xcc /usr/lib/gcc/arm-none-eabi/10.3.1/../../../arm-none-eabi/lib/thumb/v7e-m+dp/hard/libc_nano.a(lib_a-init.o)
 .debug_abbrev  0x0000000000001478       0xb4 /usr/lib/gcc/arm-none-eabi/10.3.1/../../../arm-none-eabi/lib/thumb/v7e-m+dp/hard/libc_nano.a(lib_a-memset.o)

.debug_loc      0x0000000000000000     0x3570
 .debug_loc     0x0000000000000000       0x9e build/main.o
 .debug_loc     0x000000000000009e       0x39 build/gpio.o
 .debug_loc     0x00000000000000d7       0x20 build/stm32h7xx_it.o
 .debug_loc     0x00000000000000f7       0x2c build/stm32h7xx_hal_msp.o
 .debug_loc     0x0000000000000123      0xb4a build/stm32h7xx_hal_cortex.o
 .debug_loc     0x0000000000000c6d      0xabf build/stm32h7xx_hal_rcc.o
 .debug_loc     0x000000000000172c      0x690 build/stm32h7xx_hal_gpio.o
 .debug_loc     0x0000000000001dbc      0x90a build/stm32h7xx_hal_pwr_ex.o
 .debug_loc     0x00000000000026c6      0x9ec build/stm32h7xx_hal.o
 .debug_loc     0x00000000000030b2      0x1d8 build/system_stm32h7xx.o
 .debug_loc     0x000000000000328a       0xba /usr/lib/gcc/arm-none-eabi/10.3.1/../../../arm-none-eabi/lib/thumb/v7e-m+dp/hard/libc_nano.a(lib_a-init.o)
 .debug_loc     0x0000000000003344      0x22c /usr/lib/gcc/arm-none-eabi/10.3.1/../../../arm-none-eabi/lib/thumb/v7e-m+dp/hard/libc_nano.a(lib_a-memset.o)

.debug_aranges  0x0000000000000000      0x600
 .debug_aranges
                0x0000000000000000       0x40 build/main.o
 .debug_aranges
                0x0000000000000040       0x20 build/gpio.o
 .debug_aranges
                0x0000000000000060       0x60 build/stm32h7xx_it.o
 .debug_aranges
                0x00000000000000c0       0x20 build/stm32h7xx_hal_msp.o
 .debug_aranges
                0x00000000000000e0       0xc0 build/stm32h7xx_hal_cortex.o
 .debug_aranges
                0x00000000000001a0       0x88 build/stm32h7xx_hal_rcc.o
 .debug_aranges
                0x0000000000000228       0x58 build/stm32h7xx_hal_gpio.o
 .debug_aranges
                0x0000000000000280      0x158 build/stm32h7xx_hal_pwr_ex.o
 .debug_aranges
                0x00000000000003d8      0x198 build/stm32h7xx_hal.o
 .debug_aranges
                0x0000000000000570       0x28 build/system_stm32h7xx.o
 .debug_aranges
                0x0000000000000598       0x28 build/startup_stm32h750xx.o
 .debug_aranges
                0x00000000000005c0       0x20 /usr/lib/gcc/arm-none-eabi/10.3.1/../../../arm-none-eabi/lib/thumb/v7e-m+dp/hard/libc_nano.a(lib_a-init.o)
 .debug_aranges
                0x00000000000005e0       0x20 /usr/lib/gcc/arm-none-eabi/10.3.1/../../../arm-none-eabi/lib/thumb/v7e-m+dp/hard/libc_nano.a(lib_a-memset.o)

.debug_ranges   0x0000000000000000      0x688
 .debug_ranges  0x0000000000000000       0x30 build/main.o
 .debug_ranges  0x0000000000000030       0x10 build/gpio.o
 .debug_ranges  0x0000000000000040       0x50 build/stm32h7xx_it.o
 .debug_ranges  0x0000000000000090       0x10 build/stm32h7xx_hal_msp.o
 .debug_ranges  0x00000000000000a0      0x140 build/stm32h7xx_hal_cortex.o
 .debug_ranges  0x00000000000001e0       0xf8 build/stm32h7xx_hal_rcc.o
 .debug_ranges  0x00000000000002d8       0x48 build/stm32h7xx_hal_gpio.o
 .debug_ranges  0x0000000000000320      0x1a8 build/stm32h7xx_hal_pwr_ex.o
 .debug_ranges  0x00000000000004c8      0x188 build/stm32h7xx_hal.o
 .debug_ranges  0x0000000000000650       0x18 build/system_stm32h7xx.o
 .debug_ranges  0x0000000000000668       0x20 build/startup_stm32h750xx.o

.debug_line     0x0000000000000000     0x49a1
 .debug_line    0x0000000000000000      0x334 build/main.o
 .debug_line    0x0000000000000334      0x270 build/gpio.o
 .debug_line    0x00000000000005a4      0x179 build/stm32h7xx_it.o
 .debug_line    0x000000000000071d       0xcb build/stm32h7xx_hal_msp.o
 .debug_line    0x00000000000007e8      0x875 build/stm32h7xx_hal_cortex.o
 .debug_line    0x000000000000105d     0x1495 build/stm32h7xx_hal_rcc.o
 .debug_line    0x00000000000024f2      0x7a7 build/stm32h7xx_hal_gpio.o
 .debug_line    0x0000000000002c99      0xba5 build/stm32h7xx_hal_pwr_ex.o
 .debug_line    0x000000000000383e      0xa7b build/stm32h7xx_hal.o
 .debug_line    0x00000000000042b9      0x37b build/system_stm32h7xx.o
 .debug_line    0x0000000000004634       0x76 build/startup_stm32h750xx.o
 .debug_line    0x00000000000046aa      0x138 /usr/lib/gcc/arm-none-eabi/10.3.1/../../../arm-none-eabi/lib/thumb/v7e-m+dp/hard/libc_nano.a(lib_a-init.o)
 .debug_line    0x00000000000047e2      0x1bf /usr/lib/gcc/arm-none-eabi/10.3.1/../../../arm-none-eabi/lib/thumb/v7e-m+dp/hard/libc_nano.a(lib_a-memset.o)

.debug_str      0x0000000000000000     0x296a
 .debug_str     0x0000000000000000      0x54e build/main.o
                                        0x5ad (size before relaxing)
 .debug_str     0x000000000000054e      0x2ae build/gpio.o
                                        0x47e (size before relaxing)
 .debug_str     0x00000000000007fc       0xb4 build/stm32h7xx_it.o
                                        0x230 (size before relaxing)
 .debug_str     0x00000000000008b0       0x29 build/stm32h7xx_hal_msp.o
                                        0x3d8 (size before relaxing)
 .debug_str     0x00000000000008d9      0xd50 build/stm32h7xx_hal_cortex.o
                                       0x1078 (size before relaxing)
 .debug_str     0x0000000000001629      0x394 build/stm32h7xx_hal_rcc.o
                                        0x9f9 (size before relaxing)
 .debug_str     0x00000000000019bd      0x1b5 build/stm32h7xx_hal_gpio.o
                                        0x6c5 (size before relaxing)
 .debug_str     0x0000000000001b72      0x551 build/stm32h7xx_hal_pwr_ex.o
                                        0xa33 (size before relaxing)
 .debug_str     0x00000000000020c3      0x625 build/stm32h7xx_hal.o
                                       0x14a9 (size before relaxing)
 .debug_str     0x00000000000026e8       0x3d build/system_stm32h7xx.o
                                        0x70b (size before relaxing)
 .debug_str     0x0000000000002725       0x22 build/startup_stm32h750xx.o
                                         0x57 (size before relaxing)
 .debug_str     0x0000000000002747      0x179 /usr/lib/gcc/arm-none-eabi/10.3.1/../../../arm-none-eabi/lib/thumb/v7e-m+dp/hard/libc_nano.a(lib_a-init.o)
                                        0x20e (size before relaxing)
 .debug_str     0x00000000000028c0       0xaa /usr/lib/gcc/arm-none-eabi/10.3.1/../../../arm-none-eabi/lib/thumb/v7e-m+dp/hard/libc_nano.a(lib_a-memset.o)
                                        0x1c3 (size before relaxing)

.debug_frame    0x0000000000000000      0xd80
 .debug_frame   0x0000000000000000       0x88 build/main.o
 .debug_frame   0x0000000000000088       0x34 build/gpio.o
 .debug_frame   0x00000000000000bc       0xa8 build/stm32h7xx_it.o
 .debug_frame   0x0000000000000164       0x28 build/stm32h7xx_hal_msp.o
 .debug_frame   0x000000000000018c      0x1dc build/stm32h7xx_hal_cortex.o
 .debug_frame   0x0000000000000368      0x190 build/stm32h7xx_hal_rcc.o
 .debug_frame   0x00000000000004f8       0xfc build/stm32h7xx_hal_gpio.o
 .debug_frame   0x00000000000005f4      0x328 build/stm32h7xx_hal_pwr_ex.o
 .debug_frame   0x000000000000091c      0x3d0 build/stm32h7xx_hal.o
 .debug_frame   0x0000000000000cec       0x3c build/system_stm32h7xx.o
 .debug_frame   0x0000000000000d28       0x2c /usr/lib/gcc/arm-none-eabi/10.3.1/../../../arm-none-eabi/lib/thumb/v7e-m+dp/hard/libc_nano.a(lib_a-init.o)
 .debug_frame   0x0000000000000d54       0x2c /usr/lib/gcc/arm-none-eabi/10.3.1/../../../arm-none-eabi/lib/thumb/v7e-m+dp/hard/libc_nano.a(lib_a-memset.o)

Cross Reference Table

Symbol                                            File
ADC3_IRQHandler                                   build/startup_stm32h750xx.o
ADC_IRQHandler                                    build/startup_stm32h750xx.o
BDMA_Channel0_IRQHandler                          build/startup_stm32h750xx.o
BDMA_Channel1_IRQHandler                          build/startup_stm32h750xx.o
BDMA_Channel2_IRQHandler                          build/startup_stm32h750xx.o
BDMA_Channel3_IRQHandler                          build/startup_stm32h750xx.o
BDMA_Channel4_IRQHandler                          build/startup_stm32h750xx.o
BDMA_Channel5_IRQHandler                          build/startup_stm32h750xx.o
BDMA_Channel6_IRQHandler                          build/startup_stm32h750xx.o
BDMA_Channel7_IRQHandler                          build/startup_stm32h750xx.o
BusFault_Handler                                  build/stm32h7xx_it.o
CEC_IRQHandler                                    build/startup_stm32h750xx.o
COMP1_IRQHandler                                  build/startup_stm32h750xx.o
CRS_IRQHandler                                    build/startup_stm32h750xx.o
CRYP_IRQHandler                                   build/startup_stm32h750xx.o
D1CorePrescTable                                  build/system_stm32h7xx.o
                                                  build/stm32h7xx_hal.o
                                                  build/stm32h7xx_hal_rcc_ex.o
                                                  build/stm32h7xx_hal_rcc.o
DCMI_IRQHandler                                   build/startup_stm32h750xx.o
DFSDM1_FLT0_IRQHandler                            build/startup_stm32h750xx.o
DFSDM1_FLT1_IRQHandler                            build/startup_stm32h750xx.o
DFSDM1_FLT2_IRQHandler                            build/startup_stm32h750xx.o
DFSDM1_FLT3_IRQHandler                            build/startup_stm32h750xx.o
DMA1_Stream0_IRQHandler                           build/startup_stm32h750xx.o
DMA1_Stream1_IRQHandler                           build/startup_stm32h750xx.o
DMA1_Stream2_IRQHandler                           build/startup_stm32h750xx.o
DMA1_Stream3_IRQHandler                           build/startup_stm32h750xx.o
DMA1_Stream4_IRQHandler                           build/startup_stm32h750xx.o
DMA1_Stream5_IRQHandler                           build/startup_stm32h750xx.o
DMA1_Stream6_IRQHandler                           build/startup_stm32h750xx.o
DMA1_Stream7_IRQHandler                           build/startup_stm32h750xx.o
DMA2D_IRQHandler                                  build/startup_stm32h750xx.o
DMA2_Stream0_IRQHandler                           build/startup_stm32h750xx.o
DMA2_Stream1_IRQHandler                           build/startup_stm32h750xx.o
DMA2_Stream2_IRQHandler                           build/startup_stm32h750xx.o
DMA2_Stream3_IRQHandler                           build/startup_stm32h750xx.o
DMA2_Stream4_IRQHandler                           build/startup_stm32h750xx.o
DMA2_Stream5_IRQHandler                           build/startup_stm32h750xx.o
DMA2_Stream6_IRQHandler                           build/startup_stm32h750xx.o
DMA2_Stream7_IRQHandler                           build/startup_stm32h750xx.o
DMAMUX1_OVR_IRQHandler                            build/startup_stm32h750xx.o
DMAMUX2_OVR_IRQHandler                            build/startup_stm32h750xx.o
DebugMon_Handler                                  build/stm32h7xx_it.o
Default_Handler                                   build/startup_stm32h750xx.o
ECC_IRQHandler                                    build/startup_stm32h750xx.o
ETH_IRQHandler                                    build/startup_stm32h750xx.o
ETH_WKUP_IRQHandler                               build/startup_stm32h750xx.o
EXTI0_IRQHandler                                  build/startup_stm32h750xx.o
EXTI15_10_IRQHandler                              build/startup_stm32h750xx.o
EXTI1_IRQHandler                                  build/startup_stm32h750xx.o
EXTI2_IRQHandler                                  build/startup_stm32h750xx.o
EXTI3_IRQHandler                                  build/startup_stm32h750xx.o
EXTI4_IRQHandler                                  build/startup_stm32h750xx.o
EXTI9_5_IRQHandler                                build/startup_stm32h750xx.o
Error_Handler                                     build/main.o
FDCAN1_IT0_IRQHandler                             build/startup_stm32h750xx.o
FDCAN1_IT1_IRQHandler                             build/startup_stm32h750xx.o
FDCAN2_IT0_IRQHandler                             build/startup_stm32h750xx.o
FDCAN2_IT1_IRQHandler                             build/startup_stm32h750xx.o
FDCAN_CAL_IRQHandler                              build/startup_stm32h750xx.o
FLASH_CRC_WaitForLastOperation                    build/stm32h7xx_hal_flash.o
                                                  build/stm32h7xx_hal_flash_ex.o
FLASH_Erase_Sector                                build/stm32h7xx_hal_flash_ex.o
                                                  build/stm32h7xx_hal_flash.o
FLASH_IRQHandler                                  build/startup_stm32h750xx.o
FLASH_OB_WaitForLastOperation                     build/stm32h7xx_hal_flash.o
                                                  build/stm32h7xx_hal_flash_ex.o
FLASH_WaitForLastOperation                        build/stm32h7xx_hal_flash.o
                                                  build/stm32h7xx_hal_flash_ex.o
FMC_IRQHandler                                    build/startup_stm32h750xx.o
FPU_IRQHandler                                    build/startup_stm32h750xx.o
HAL_DBGMCU_DisableDBGSleepMode                    build/stm32h7xx_hal.o
HAL_DBGMCU_DisableDBGStandbyMode                  build/stm32h7xx_hal.o
HAL_DBGMCU_DisableDBGStopMode                     build/stm32h7xx_hal.o
HAL_DBGMCU_EnableDBGSleepMode                     build/stm32h7xx_hal.o
HAL_DBGMCU_EnableDBGStandbyMode                   build/stm32h7xx_hal.o
HAL_DBGMCU_EnableDBGStopMode                      build/stm32h7xx_hal.o
HAL_DMAEx_ChangeMemory                            build/stm32h7xx_hal_dma_ex.o
HAL_DMAEx_ConfigMuxRequestGenerator               build/stm32h7xx_hal_dma_ex.o
HAL_DMAEx_ConfigMuxSync                           build/stm32h7xx_hal_dma_ex.o
HAL_DMAEx_DisableMuxRequestGenerator              build/stm32h7xx_hal_dma_ex.o
HAL_DMAEx_EnableMuxRequestGenerator               build/stm32h7xx_hal_dma_ex.o
HAL_DMAEx_MUX_IRQHandler                          build/stm32h7xx_hal_dma_ex.o
HAL_DMAEx_MultiBufferStart                        build/stm32h7xx_hal_dma_ex.o
HAL_DMAEx_MultiBufferStart_IT                     build/stm32h7xx_hal_dma_ex.o
HAL_DMA_Abort                                     build/stm32h7xx_hal_dma.o
HAL_DMA_Abort_IT                                  build/stm32h7xx_hal_dma.o
                                                  build/stm32h7xx_hal_i2c.o
HAL_DMA_DeInit                                    build/stm32h7xx_hal_dma.o
HAL_DMA_GetError                                  build/stm32h7xx_hal_dma.o
                                                  build/stm32h7xx_hal_i2c.o
HAL_DMA_GetState                                  build/stm32h7xx_hal_dma.o
                                                  build/stm32h7xx_hal_i2c.o
HAL_DMA_IRQHandler                                build/stm32h7xx_hal_dma.o
HAL_DMA_Init                                      build/stm32h7xx_hal_dma.o
HAL_DMA_PollForTransfer                           build/stm32h7xx_hal_dma.o
HAL_DMA_RegisterCallback                          build/stm32h7xx_hal_dma.o
HAL_DMA_Start                                     build/stm32h7xx_hal_dma.o
HAL_DMA_Start_IT                                  build/stm32h7xx_hal_dma.o
                                                  build/stm32h7xx_hal_i2c.o
HAL_DMA_UnRegisterCallback                        build/stm32h7xx_hal_dma.o
HAL_DeInit                                        build/stm32h7xx_hal.o
HAL_Delay                                         build/stm32h7xx_hal.o
HAL_DisableCompensationCell                       build/stm32h7xx_hal.o
HAL_EXTI_ClearConfigLine                          build/stm32h7xx_hal_exti.o
HAL_EXTI_ClearPending                             build/stm32h7xx_hal_exti.o
HAL_EXTI_D1_ClearFlag                             build/stm32h7xx_hal.o
HAL_EXTI_D1_EventInputConfig                      build/stm32h7xx_hal.o
HAL_EXTI_D3_EventInputConfig                      build/stm32h7xx_hal.o
HAL_EXTI_EdgeConfig                               build/stm32h7xx_hal.o
HAL_EXTI_GenerateSWI                              build/stm32h7xx_hal_exti.o
HAL_EXTI_GenerateSWInterrupt                      build/stm32h7xx_hal.o
HAL_EXTI_GetConfigLine                            build/stm32h7xx_hal_exti.o
HAL_EXTI_GetHandle                                build/stm32h7xx_hal_exti.o
HAL_EXTI_GetPending                               build/stm32h7xx_hal_exti.o
HAL_EXTI_IRQHandler                               build/stm32h7xx_hal_exti.o
HAL_EXTI_RegisterCallback                         build/stm32h7xx_hal_exti.o
HAL_EXTI_SetConfigLine                            build/stm32h7xx_hal_exti.o
HAL_EnableCompensationCell                        build/stm32h7xx_hal.o
HAL_FLASHEx_ComputeCRC                            build/stm32h7xx_hal_flash_ex.o
HAL_FLASHEx_Erase                                 build/stm32h7xx_hal_flash_ex.o
HAL_FLASHEx_Erase_IT                              build/stm32h7xx_hal_flash_ex.o
HAL_FLASHEx_Lock_Bank1                            build/stm32h7xx_hal_flash_ex.o
HAL_FLASHEx_OBGetConfig                           build/stm32h7xx_hal_flash_ex.o
HAL_FLASHEx_OBProgram                             build/stm32h7xx_hal_flash_ex.o
HAL_FLASHEx_Unlock_Bank1                          build/stm32h7xx_hal_flash_ex.o
HAL_FLASH_EndOfOperationCallback                  build/stm32h7xx_hal_flash.o
HAL_FLASH_GetError                                build/stm32h7xx_hal_flash.o
HAL_FLASH_IRQHandler                              build/stm32h7xx_hal_flash.o
HAL_FLASH_Lock                                    build/stm32h7xx_hal_flash.o
HAL_FLASH_OB_Launch                               build/stm32h7xx_hal_flash.o
HAL_FLASH_OB_Lock                                 build/stm32h7xx_hal_flash.o
HAL_FLASH_OB_Unlock                               build/stm32h7xx_hal_flash.o
HAL_FLASH_OperationErrorCallback                  build/stm32h7xx_hal_flash.o
HAL_FLASH_Program                                 build/stm32h7xx_hal_flash.o
HAL_FLASH_Program_IT                              build/stm32h7xx_hal_flash.o
HAL_FLASH_Unlock                                  build/stm32h7xx_hal_flash.o
HAL_GPIO_DeInit                                   build/stm32h7xx_hal_gpio.o
HAL_GPIO_EXTI_Callback                            build/stm32h7xx_hal_gpio.o
HAL_GPIO_EXTI_IRQHandler                          build/stm32h7xx_hal_gpio.o
HAL_GPIO_Init                                     build/stm32h7xx_hal_gpio.o
                                                  build/stm32h7xx_hal_rcc.o
                                                  build/gpio.o
HAL_GPIO_LockPin                                  build/stm32h7xx_hal_gpio.o
HAL_GPIO_ReadPin                                  build/stm32h7xx_hal_gpio.o
HAL_GPIO_TogglePin                                build/stm32h7xx_hal_gpio.o
HAL_GPIO_WritePin                                 build/stm32h7xx_hal_gpio.o
                                                  build/gpio.o
HAL_GetCurrentCPUID                               build/stm32h7xx_hal_cortex.o
HAL_GetDEVID                                      build/stm32h7xx_hal.o
HAL_GetFMCMemorySwappingConfig                    build/stm32h7xx_hal.o
HAL_GetHalVersion                                 build/stm32h7xx_hal.o
HAL_GetREVID                                      build/stm32h7xx_hal.o
                                                  build/stm32h7xx_hal_rcc_ex.o
                                                  build/stm32h7xx_hal_rcc.o
HAL_GetTick                                       build/stm32h7xx_hal.o
                                                  build/stm32h7xx_hal_i2c.o
                                                  build/stm32h7xx_hal_pwr_ex.o
                                                  build/stm32h7xx_hal_mdma.o
                                                  build/stm32h7xx_hal_dma.o
                                                  build/stm32h7xx_hal_flash.o
                                                  build/stm32h7xx_hal_rcc_ex.o
                                                  build/stm32h7xx_hal_rcc.o
HAL_GetTickFreq                                   build/stm32h7xx_hal.o
HAL_GetTickPrio                                   build/stm32h7xx_hal.o
HAL_GetUIDw0                                      build/stm32h7xx_hal.o
HAL_GetUIDw1                                      build/stm32h7xx_hal.o
HAL_GetUIDw2                                      build/stm32h7xx_hal.o
HAL_HSEM_ActivateNotification                     build/stm32h7xx_hal_hsem.o
HAL_HSEM_DeactivateNotification                   build/stm32h7xx_hal_hsem.o
HAL_HSEM_FastTake                                 build/stm32h7xx_hal_hsem.o
HAL_HSEM_FreeCallback                             build/stm32h7xx_hal_hsem.o
HAL_HSEM_GetClearKey                              build/stm32h7xx_hal_hsem.o
HAL_HSEM_IRQHandler                               build/stm32h7xx_hal_hsem.o
HAL_HSEM_IsSemTaken                               build/stm32h7xx_hal_hsem.o
HAL_HSEM_Release                                  build/stm32h7xx_hal_hsem.o
HAL_HSEM_ReleaseAll                               build/stm32h7xx_hal_hsem.o
HAL_HSEM_SetClearKey                              build/stm32h7xx_hal_hsem.o
HAL_HSEM_Take                                     build/stm32h7xx_hal_hsem.o
HAL_I2CEx_ConfigAnalogFilter                      build/stm32h7xx_hal_i2c_ex.o
HAL_I2CEx_ConfigDigitalFilter                     build/stm32h7xx_hal_i2c_ex.o
HAL_I2CEx_DisableFastModePlus                     build/stm32h7xx_hal_i2c_ex.o
HAL_I2CEx_DisableWakeUp                           build/stm32h7xx_hal_i2c_ex.o
HAL_I2CEx_EnableFastModePlus                      build/stm32h7xx_hal_i2c_ex.o
HAL_I2CEx_EnableWakeUp                            build/stm32h7xx_hal_i2c_ex.o
HAL_I2C_AbortCpltCallback                         build/stm32h7xx_hal_i2c.o
HAL_I2C_AddrCallback                              build/stm32h7xx_hal_i2c.o
HAL_I2C_DeInit                                    build/stm32h7xx_hal_i2c.o
HAL_I2C_DisableListen_IT                          build/stm32h7xx_hal_i2c.o
HAL_I2C_ER_IRQHandler                             build/stm32h7xx_hal_i2c.o
HAL_I2C_EV_IRQHandler                             build/stm32h7xx_hal_i2c.o
HAL_I2C_EnableListen_IT                           build/stm32h7xx_hal_i2c.o
HAL_I2C_ErrorCallback                             build/stm32h7xx_hal_i2c.o
HAL_I2C_GetError                                  build/stm32h7xx_hal_i2c.o
HAL_I2C_GetMode                                   build/stm32h7xx_hal_i2c.o
HAL_I2C_GetState                                  build/stm32h7xx_hal_i2c.o
HAL_I2C_Init                                      build/stm32h7xx_hal_i2c.o
HAL_I2C_IsDeviceReady                             build/stm32h7xx_hal_i2c.o
HAL_I2C_ListenCpltCallback                        build/stm32h7xx_hal_i2c.o
HAL_I2C_MasterRxCpltCallback                      build/stm32h7xx_hal_i2c.o
HAL_I2C_MasterTxCpltCallback                      build/stm32h7xx_hal_i2c.o
HAL_I2C_Master_Abort_IT                           build/stm32h7xx_hal_i2c.o
HAL_I2C_Master_Receive                            build/stm32h7xx_hal_i2c.o
HAL_I2C_Master_Receive_DMA                        build/stm32h7xx_hal_i2c.o
HAL_I2C_Master_Receive_IT                         build/stm32h7xx_hal_i2c.o
HAL_I2C_Master_Seq_Receive_DMA                    build/stm32h7xx_hal_i2c.o
HAL_I2C_Master_Seq_Receive_IT                     build/stm32h7xx_hal_i2c.o
HAL_I2C_Master_Seq_Transmit_DMA                   build/stm32h7xx_hal_i2c.o
HAL_I2C_Master_Seq_Transmit_IT                    build/stm32h7xx_hal_i2c.o
HAL_I2C_Master_Transmit                           build/stm32h7xx_hal_i2c.o
HAL_I2C_Master_Transmit_DMA                       build/stm32h7xx_hal_i2c.o
HAL_I2C_Master_Transmit_IT                        build/stm32h7xx_hal_i2c.o
HAL_I2C_MemRxCpltCallback                         build/stm32h7xx_hal_i2c.o
HAL_I2C_MemTxCpltCallback                         build/stm32h7xx_hal_i2c.o
HAL_I2C_Mem_Read                                  build/stm32h7xx_hal_i2c.o
HAL_I2C_Mem_Read_DMA                              build/stm32h7xx_hal_i2c.o
HAL_I2C_Mem_Read_IT                               build/stm32h7xx_hal_i2c.o
HAL_I2C_Mem_Write                                 build/stm32h7xx_hal_i2c.o
HAL_I2C_Mem_Write_DMA                             build/stm32h7xx_hal_i2c.o
HAL_I2C_Mem_Write_IT                              build/stm32h7xx_hal_i2c.o
HAL_I2C_MspDeInit                                 build/stm32h7xx_hal_i2c.o
HAL_I2C_MspInit                                   build/stm32h7xx_hal_i2c.o
HAL_I2C_SlaveRxCpltCallback                       build/stm32h7xx_hal_i2c.o
HAL_I2C_SlaveTxCpltCallback                       build/stm32h7xx_hal_i2c.o
HAL_I2C_Slave_Receive                             build/stm32h7xx_hal_i2c.o
HAL_I2C_Slave_Receive_DMA                         build/stm32h7xx_hal_i2c.o
HAL_I2C_Slave_Receive_IT                          build/stm32h7xx_hal_i2c.o
HAL_I2C_Slave_Seq_Receive_DMA                     build/stm32h7xx_hal_i2c.o
HAL_I2C_Slave_Seq_Receive_IT                      build/stm32h7xx_hal_i2c.o
HAL_I2C_Slave_Seq_Transmit_DMA                    build/stm32h7xx_hal_i2c.o
HAL_I2C_Slave_Seq_Transmit_IT                     build/stm32h7xx_hal_i2c.o
HAL_I2C_Slave_Transmit                            build/stm32h7xx_hal_i2c.o
HAL_I2C_Slave_Transmit_DMA                        build/stm32h7xx_hal_i2c.o
HAL_I2C_Slave_Transmit_IT                         build/stm32h7xx_hal_i2c.o
HAL_IncTick                                       build/stm32h7xx_hal.o
                                                  build/stm32h7xx_it.o
HAL_Init                                          build/stm32h7xx_hal.o
                                                  build/main.o
HAL_InitTick                                      build/stm32h7xx_hal.o
                                                  build/stm32h7xx_hal_rcc.o
HAL_MDMA_Abort                                    build/stm32h7xx_hal_mdma.o
HAL_MDMA_Abort_IT                                 build/stm32h7xx_hal_mdma.o
HAL_MDMA_ConfigPostRequestMask                    build/stm32h7xx_hal_mdma.o
HAL_MDMA_DeInit                                   build/stm32h7xx_hal_mdma.o
HAL_MDMA_GenerateSWRequest                        build/stm32h7xx_hal_mdma.o
HAL_MDMA_GetError                                 build/stm32h7xx_hal_mdma.o
HAL_MDMA_GetState                                 build/stm32h7xx_hal_mdma.o
HAL_MDMA_IRQHandler                               build/stm32h7xx_hal_mdma.o
HAL_MDMA_Init                                     build/stm32h7xx_hal_mdma.o
HAL_MDMA_LinkedList_AddNode                       build/stm32h7xx_hal_mdma.o
HAL_MDMA_LinkedList_CreateNode                    build/stm32h7xx_hal_mdma.o
HAL_MDMA_LinkedList_DisableCircularMode           build/stm32h7xx_hal_mdma.o
HAL_MDMA_LinkedList_EnableCircularMode            build/stm32h7xx_hal_mdma.o
HAL_MDMA_LinkedList_RemoveNode                    build/stm32h7xx_hal_mdma.o
HAL_MDMA_PollForTransfer                          build/stm32h7xx_hal_mdma.o
HAL_MDMA_RegisterCallback                         build/stm32h7xx_hal_mdma.o
HAL_MDMA_Start                                    build/stm32h7xx_hal_mdma.o
HAL_MDMA_Start_IT                                 build/stm32h7xx_hal_mdma.o
HAL_MDMA_UnRegisterCallback                       build/stm32h7xx_hal_mdma.o
HAL_MPU_ConfigRegion                              build/stm32h7xx_hal_cortex.o
                                                  build/main.o
HAL_MPU_Disable                                   build/stm32h7xx_hal_cortex.o
                                                  build/main.o
HAL_MPU_DisableRegion                             build/stm32h7xx_hal_cortex.o
HAL_MPU_Enable                                    build/stm32h7xx_hal_cortex.o
                                                  build/main.o
HAL_MPU_EnableRegion                              build/stm32h7xx_hal_cortex.o
HAL_MspDeInit                                     build/stm32h7xx_hal.o
HAL_MspInit                                       build/stm32h7xx_hal_msp.o
HAL_NVIC_ClearPendingIRQ                          build/stm32h7xx_hal_cortex.o
HAL_NVIC_DisableIRQ                               build/stm32h7xx_hal_cortex.o
HAL_NVIC_EnableIRQ                                build/stm32h7xx_hal_cortex.o
HAL_NVIC_GetActive                                build/stm32h7xx_hal_cortex.o
HAL_NVIC_GetPendingIRQ                            build/stm32h7xx_hal_cortex.o
HAL_NVIC_GetPriority                              build/stm32h7xx_hal_cortex.o
HAL_NVIC_GetPriorityGrouping                      build/stm32h7xx_hal_cortex.o
HAL_NVIC_SetPendingIRQ                            build/stm32h7xx_hal_cortex.o
HAL_NVIC_SetPriority                              build/stm32h7xx_hal_cortex.o
                                                  build/stm32h7xx_hal.o
HAL_NVIC_SetPriorityGrouping                      build/stm32h7xx_hal_cortex.o
                                                  build/stm32h7xx_hal.o
HAL_NVIC_SystemReset                              build/stm32h7xx_hal_cortex.o
HAL_PWREx_AVDCallback                             build/stm32h7xx_hal_pwr_ex.o
HAL_PWREx_ClearPendingEvent                       build/stm32h7xx_hal_pwr_ex.o
HAL_PWREx_ClearWakeupFlag                         build/stm32h7xx_hal_pwr_ex.o
HAL_PWREx_ConfigAVD                               build/stm32h7xx_hal_pwr_ex.o
HAL_PWREx_ConfigD3Domain                          build/stm32h7xx_hal_pwr_ex.o
HAL_PWREx_ConfigSupply                            build/stm32h7xx_hal_pwr_ex.o
                                                  build/main.o
HAL_PWREx_ControlStopModeVoltageScaling           build/stm32h7xx_hal_pwr_ex.o
HAL_PWREx_ControlVoltageScaling                   build/stm32h7xx_hal_pwr_ex.o
HAL_PWREx_DisableAVD                              build/stm32h7xx_hal_pwr_ex.o
HAL_PWREx_DisableBatteryCharging                  build/stm32h7xx_hal_pwr_ex.o
HAL_PWREx_DisableBkUpReg                          build/stm32h7xx_hal_pwr_ex.o
HAL_PWREx_DisableFlashPowerDown                   build/stm32h7xx_hal_pwr_ex.o
HAL_PWREx_DisableMonitoring                       build/stm32h7xx_hal_pwr_ex.o
HAL_PWREx_DisableUSBReg                           build/stm32h7xx_hal_pwr_ex.o
HAL_PWREx_DisableUSBVoltageDetector               build/stm32h7xx_hal_pwr_ex.o
HAL_PWREx_DisableWakeUpPin                        build/stm32h7xx_hal_pwr_ex.o
HAL_PWREx_EnableAVD                               build/stm32h7xx_hal_pwr_ex.o
HAL_PWREx_EnableBatteryCharging                   build/stm32h7xx_hal_pwr_ex.o
HAL_PWREx_EnableBkUpReg                           build/stm32h7xx_hal_pwr_ex.o
HAL_PWREx_EnableFlashPowerDown                    build/stm32h7xx_hal_pwr_ex.o
HAL_PWREx_EnableMonitoring                        build/stm32h7xx_hal_pwr_ex.o
HAL_PWREx_EnableUSBReg                            build/stm32h7xx_hal_pwr_ex.o
HAL_PWREx_EnableUSBVoltageDetector                build/stm32h7xx_hal_pwr_ex.o
HAL_PWREx_EnableWakeUpPin                         build/stm32h7xx_hal_pwr_ex.o
HAL_PWREx_EnterSTANDBYMode                        build/stm32h7xx_hal_pwr_ex.o
HAL_PWREx_EnterSTOPMode                           build/stm32h7xx_hal_pwr_ex.o
HAL_PWREx_GetStopModeVoltageRange                 build/stm32h7xx_hal_pwr_ex.o
HAL_PWREx_GetSupplyConfig                         build/stm32h7xx_hal_pwr_ex.o
HAL_PWREx_GetTemperatureLevel                     build/stm32h7xx_hal_pwr_ex.o
HAL_PWREx_GetVBATLevel                            build/stm32h7xx_hal_pwr_ex.o
HAL_PWREx_GetVoltageRange                         build/stm32h7xx_hal_pwr_ex.o
HAL_PWREx_GetWakeupFlag                           build/stm32h7xx_hal_pwr_ex.o
HAL_PWREx_PVD_AVD_IRQHandler                      build/stm32h7xx_hal_pwr_ex.o
HAL_PWREx_WAKEUP_PIN_IRQHandler                   build/stm32h7xx_hal_pwr_ex.o
HAL_PWREx_WKUP1_Callback                          build/stm32h7xx_hal_pwr_ex.o
HAL_PWREx_WKUP2_Callback                          build/stm32h7xx_hal_pwr_ex.o
HAL_PWREx_WKUP3_Callback                          build/stm32h7xx_hal_pwr_ex.o
HAL_PWREx_WKUP4_Callback                          build/stm32h7xx_hal_pwr_ex.o
HAL_PWREx_WKUP5_Callback                          build/stm32h7xx_hal_pwr_ex.o
HAL_PWREx_WKUP6_Callback                          build/stm32h7xx_hal_pwr_ex.o
HAL_PWR_ConfigPVD                                 build/stm32h7xx_hal_pwr.o
HAL_PWR_DeInit                                    build/stm32h7xx_hal_pwr.o
HAL_PWR_DisableBkUpAccess                         build/stm32h7xx_hal_pwr.o
HAL_PWR_DisablePVD                                build/stm32h7xx_hal_pwr.o
HAL_PWR_DisableSEVOnPend                          build/stm32h7xx_hal_pwr.o
HAL_PWR_DisableSleepOnExit                        build/stm32h7xx_hal_pwr.o
HAL_PWR_DisableWakeUpPin                          build/stm32h7xx_hal_pwr.o
HAL_PWR_EnableBkUpAccess                          build/stm32h7xx_hal_pwr.o
HAL_PWR_EnablePVD                                 build/stm32h7xx_hal_pwr.o
HAL_PWR_EnableSEVOnPend                           build/stm32h7xx_hal_pwr.o
HAL_PWR_EnableSleepOnExit                         build/stm32h7xx_hal_pwr.o
HAL_PWR_EnableWakeUpPin                           build/stm32h7xx_hal_pwr.o
HAL_PWR_EnterSLEEPMode                            build/stm32h7xx_hal_pwr.o
HAL_PWR_EnterSTANDBYMode                          build/stm32h7xx_hal_pwr.o
HAL_PWR_EnterSTOPMode                             build/stm32h7xx_hal_pwr.o
HAL_PWR_PVDCallback                               build/stm32h7xx_hal_pwr.o
                                                  build/stm32h7xx_hal_pwr_ex.o
HAL_PWR_PVD_IRQHandler                            build/stm32h7xx_hal_pwr.o
HAL_RCCEx_CRSConfig                               build/stm32h7xx_hal_rcc_ex.o
HAL_RCCEx_CRSGetSynchronizationInfo               build/stm32h7xx_hal_rcc_ex.o
HAL_RCCEx_CRSSoftwareSynchronizationGenerate      build/stm32h7xx_hal_rcc_ex.o
HAL_RCCEx_CRSWaitSynchronization                  build/stm32h7xx_hal_rcc_ex.o
HAL_RCCEx_CRS_ErrorCallback                       build/stm32h7xx_hal_rcc_ex.o
HAL_RCCEx_CRS_ExpectedSyncCallback                build/stm32h7xx_hal_rcc_ex.o
HAL_RCCEx_CRS_IRQHandler                          build/stm32h7xx_hal_rcc_ex.o
HAL_RCCEx_CRS_SyncOkCallback                      build/stm32h7xx_hal_rcc_ex.o
HAL_RCCEx_CRS_SyncWarnCallback                    build/stm32h7xx_hal_rcc_ex.o
HAL_RCCEx_DisableLSECSS                           build/stm32h7xx_hal_rcc_ex.o
HAL_RCCEx_EnableLSECSS                            build/stm32h7xx_hal_rcc_ex.o
HAL_RCCEx_EnableLSECSS_IT                         build/stm32h7xx_hal_rcc_ex.o
HAL_RCCEx_GetD1PCLK1Freq                          build/stm32h7xx_hal_rcc_ex.o
HAL_RCCEx_GetD1SysClockFreq                       build/stm32h7xx_hal_rcc_ex.o
HAL_RCCEx_GetD3PCLK1Freq                          build/stm32h7xx_hal_rcc_ex.o
HAL_RCCEx_GetPLL1ClockFreq                        build/stm32h7xx_hal_rcc_ex.o
HAL_RCCEx_GetPLL2ClockFreq                        build/stm32h7xx_hal_rcc_ex.o
HAL_RCCEx_GetPLL3ClockFreq                        build/stm32h7xx_hal_rcc_ex.o
HAL_RCCEx_GetPeriphCLKConfig                      build/stm32h7xx_hal_rcc_ex.o
HAL_RCCEx_GetPeriphCLKFreq                        build/stm32h7xx_hal_rcc_ex.o
HAL_RCCEx_KerWakeUpStopCLKConfig                  build/stm32h7xx_hal_rcc_ex.o
HAL_RCCEx_LSECSS_Callback                         build/stm32h7xx_hal_rcc_ex.o
HAL_RCCEx_LSECSS_IRQHandler                       build/stm32h7xx_hal_rcc_ex.o
HAL_RCCEx_PeriphCLKConfig                         build/stm32h7xx_hal_rcc_ex.o
HAL_RCCEx_WWDGxSysResetConfig                     build/stm32h7xx_hal_rcc_ex.o
HAL_RCCEx_WakeUpStopCLKConfig                     build/stm32h7xx_hal_rcc_ex.o
HAL_RCC_CSSCallback                               build/stm32h7xx_hal_rcc.o
HAL_RCC_ClockConfig                               build/stm32h7xx_hal_rcc.o
                                                  build/main.o
HAL_RCC_DeInit                                    build/stm32h7xx_hal_rcc.o
HAL_RCC_DisableCSS                                build/stm32h7xx_hal_rcc.o
HAL_RCC_EnableCSS                                 build/stm32h7xx_hal_rcc.o
HAL_RCC_GetClockConfig                            build/stm32h7xx_hal_rcc.o
HAL_RCC_GetHCLKFreq                               build/stm32h7xx_hal_rcc.o
                                                  build/stm32h7xx_hal_rcc_ex.o
HAL_RCC_GetOscConfig                              build/stm32h7xx_hal_rcc.o
HAL_RCC_GetPCLK1Freq                              build/stm32h7xx_hal_rcc.o
                                                  build/stm32h7xx_hal_rcc_ex.o
HAL_RCC_GetPCLK2Freq                              build/stm32h7xx_hal_rcc.o
HAL_RCC_GetSysClockFreq                           build/stm32h7xx_hal_rcc.o
                                                  build/stm32h7xx_hal.o
                                                  build/stm32h7xx_hal_rcc_ex.o
HAL_RCC_MCOConfig                                 build/stm32h7xx_hal_rcc.o
HAL_RCC_NMI_IRQHandler                            build/stm32h7xx_hal_rcc.o
HAL_RCC_OscConfig                                 build/stm32h7xx_hal_rcc.o
                                                  build/main.o
HAL_ResumeTick                                    build/stm32h7xx_hal.o
HAL_SYSCFG_AnalogSwitchConfig                     build/stm32h7xx_hal.o
HAL_SYSCFG_CM7BootAddConfig                       build/stm32h7xx_hal.o
HAL_SYSCFG_CompensationCodeConfig                 build/stm32h7xx_hal.o
HAL_SYSCFG_CompensationCodeSelect                 build/stm32h7xx_hal.o
HAL_SYSCFG_DisableBOOST                           build/stm32h7xx_hal.o
HAL_SYSCFG_DisableIOSpeedOptimize                 build/stm32h7xx_hal.o
HAL_SYSCFG_DisableVREFBUF                         build/stm32h7xx_hal.o
HAL_SYSCFG_ETHInterfaceSelect                     build/stm32h7xx_hal.o
HAL_SYSCFG_EnableBOOST                            build/stm32h7xx_hal.o
HAL_SYSCFG_EnableIOSpeedOptimize                  build/stm32h7xx_hal.o
HAL_SYSCFG_EnableVREFBUF                          build/stm32h7xx_hal.o
HAL_SYSCFG_VREFBUF_HighImpedanceConfig            build/stm32h7xx_hal.o
HAL_SYSCFG_VREFBUF_TrimmingConfig                 build/stm32h7xx_hal.o
HAL_SYSCFG_VREFBUF_VoltageScalingConfig           build/stm32h7xx_hal.o
HAL_SYSTICK_CLKSourceConfig                       build/stm32h7xx_hal_cortex.o
HAL_SYSTICK_Callback                              build/stm32h7xx_hal_cortex.o
HAL_SYSTICK_Config                                build/stm32h7xx_hal_cortex.o
                                                  build/stm32h7xx_hal.o
HAL_SYSTICK_IRQHandler                            build/stm32h7xx_hal_cortex.o
HAL_SetFMCMemorySwappingConfig                    build/stm32h7xx_hal.o
HAL_SetTickFreq                                   build/stm32h7xx_hal.o
HAL_SuspendTick                                   build/stm32h7xx_hal.o
HASH_RNG_IRQHandler                               build/startup_stm32h750xx.o
HRTIM1_FLT_IRQHandler                             build/startup_stm32h750xx.o
HRTIM1_Master_IRQHandler                          build/startup_stm32h750xx.o
HRTIM1_TIMA_IRQHandler                            build/startup_stm32h750xx.o
HRTIM1_TIMB_IRQHandler                            build/startup_stm32h750xx.o
HRTIM1_TIMC_IRQHandler                            build/startup_stm32h750xx.o
HRTIM1_TIMD_IRQHandler                            build/startup_stm32h750xx.o
HRTIM1_TIME_IRQHandler                            build/startup_stm32h750xx.o
HSEM1_IRQHandler                                  build/startup_stm32h750xx.o
HardFault_Handler                                 build/stm32h7xx_it.o
I2C1_ER_IRQHandler                                build/startup_stm32h750xx.o
I2C1_EV_IRQHandler                                build/startup_stm32h750xx.o
I2C2_ER_IRQHandler                                build/startup_stm32h750xx.o
I2C2_EV_IRQHandler                                build/startup_stm32h750xx.o
I2C3_ER_IRQHandler                                build/startup_stm32h750xx.o
I2C3_EV_IRQHandler                                build/startup_stm32h750xx.o
I2C4_ER_IRQHandler                                build/startup_stm32h750xx.o
I2C4_EV_IRQHandler                                build/startup_stm32h750xx.o
JPEG_IRQHandler                                   build/startup_stm32h750xx.o
LPTIM1_IRQHandler                                 build/startup_stm32h750xx.o
LPTIM2_IRQHandler                                 build/startup_stm32h750xx.o
LPTIM3_IRQHandler                                 build/startup_stm32h750xx.o
LPTIM4_IRQHandler                                 build/startup_stm32h750xx.o
LPTIM5_IRQHandler                                 build/startup_stm32h750xx.o
LPUART1_IRQHandler                                build/startup_stm32h750xx.o
LTDC_ER_IRQHandler                                build/startup_stm32h750xx.o
LTDC_IRQHandler                                   build/startup_stm32h750xx.o
MDIOS_IRQHandler                                  build/startup_stm32h750xx.o
MDIOS_WKUP_IRQHandler                             build/startup_stm32h750xx.o
MDMA_IRQHandler                                   build/startup_stm32h750xx.o
MX_GPIO_Init                                      build/gpio.o
                                                  build/main.o
MemManage_Handler                                 build/stm32h7xx_it.o
NMI_Handler                                       build/stm32h7xx_it.o
OTG_FS_EP1_IN_IRQHandler                          build/startup_stm32h750xx.o
OTG_FS_EP1_OUT_IRQHandler                         build/startup_stm32h750xx.o
OTG_FS_IRQHandler                                 build/startup_stm32h750xx.o
OTG_FS_WKUP_IRQHandler                            build/startup_stm32h750xx.o
OTG_HS_EP1_IN_IRQHandler                          build/startup_stm32h750xx.o
OTG_HS_EP1_OUT_IRQHandler                         build/startup_stm32h750xx.o
OTG_HS_IRQHandler                                 build/startup_stm32h750xx.o
OTG_HS_WKUP_IRQHandler                            build/startup_stm32h750xx.o
PVD_AVD_IRQHandler                                build/startup_stm32h750xx.o
PendSV_Handler                                    build/stm32h7xx_it.o
QUADSPI_IRQHandler                                build/startup_stm32h750xx.o
RCC_IRQHandler                                    build/startup_stm32h750xx.o
RTC_Alarm_IRQHandler                              build/startup_stm32h750xx.o
RTC_WKUP_IRQHandler                               build/startup_stm32h750xx.o
Reset_Handler                                     build/startup_stm32h750xx.o
SAI1_IRQHandler                                   build/startup_stm32h750xx.o
SAI2_IRQHandler                                   build/startup_stm32h750xx.o
SAI3_IRQHandler                                   build/startup_stm32h750xx.o
SAI4_IRQHandler                                   build/startup_stm32h750xx.o
SDMMC1_IRQHandler                                 build/startup_stm32h750xx.o
SDMMC2_IRQHandler                                 build/startup_stm32h750xx.o
SPDIF_RX_IRQHandler                               build/startup_stm32h750xx.o
SPI1_IRQHandler                                   build/startup_stm32h750xx.o
SPI2_IRQHandler                                   build/startup_stm32h750xx.o
SPI3_IRQHandler                                   build/startup_stm32h750xx.o
SPI4_IRQHandler                                   build/startup_stm32h750xx.o
SPI5_IRQHandler                                   build/startup_stm32h750xx.o
SPI6_IRQHandler                                   build/startup_stm32h750xx.o
SVC_Handler                                       build/stm32h7xx_it.o
SWPMI1_IRQHandler                                 build/startup_stm32h750xx.o
SysTick_Handler                                   build/stm32h7xx_it.o
SystemClock_Config                                build/main.o
SystemCoreClock                                   build/system_stm32h7xx.o
                                                  build/stm32h7xx_hal.o
                                                  build/stm32h7xx_hal_mdma.o
                                                  build/stm32h7xx_hal_dma.o
                                                  build/stm32h7xx_hal_rcc_ex.o
                                                  build/stm32h7xx_hal_rcc.o
SystemCoreClockUpdate                             build/system_stm32h7xx.o
SystemD2Clock                                     build/system_stm32h7xx.o
                                                  build/stm32h7xx_hal.o
                                                  build/stm32h7xx_hal_rcc_ex.o
                                                  build/stm32h7xx_hal_rcc.o
SystemInit                                        build/system_stm32h7xx.o
                                                  build/startup_stm32h750xx.o
TAMP_STAMP_IRQHandler                             build/startup_stm32h750xx.o
TIM15_IRQHandler                                  build/startup_stm32h750xx.o
TIM16_IRQHandler                                  build/startup_stm32h750xx.o
TIM17_IRQHandler                                  build/startup_stm32h750xx.o
TIM1_BRK_IRQHandler                               build/startup_stm32h750xx.o
TIM1_CC_IRQHandler                                build/startup_stm32h750xx.o
TIM1_TRG_COM_IRQHandler                           build/startup_stm32h750xx.o
TIM1_UP_IRQHandler                                build/startup_stm32h750xx.o
TIM2_IRQHandler                                   build/startup_stm32h750xx.o
TIM3_IRQHandler                                   build/startup_stm32h750xx.o
TIM4_IRQHandler                                   build/startup_stm32h750xx.o
TIM5_IRQHandler                                   build/startup_stm32h750xx.o
TIM6_DAC_IRQHandler                               build/startup_stm32h750xx.o
TIM7_IRQHandler                                   build/startup_stm32h750xx.o
TIM8_BRK_TIM12_IRQHandler                         build/startup_stm32h750xx.o
TIM8_CC_IRQHandler                                build/startup_stm32h750xx.o
TIM8_TRG_COM_TIM14_IRQHandler                     build/startup_stm32h750xx.o
TIM8_UP_TIM13_IRQHandler                          build/startup_stm32h750xx.o
UART4_IRQHandler                                  build/startup_stm32h750xx.o
UART5_IRQHandler                                  build/startup_stm32h750xx.o
UART7_IRQHandler                                  build/startup_stm32h750xx.o
UART8_IRQHandler                                  build/startup_stm32h750xx.o
USART1_IRQHandler                                 build/startup_stm32h750xx.o
USART2_IRQHandler                                 build/startup_stm32h750xx.o
USART3_IRQHandler                                 build/startup_stm32h750xx.o
USART6_IRQHandler                                 build/startup_stm32h750xx.o
UsageFault_Handler                                build/stm32h7xx_it.o
WAKEUP_PIN_IRQHandler                             build/startup_stm32h750xx.o
WWDG_IRQHandler                                   build/startup_stm32h750xx.o
_ITM_deregisterTMCloneTable                       /usr/lib/gcc/arm-none-eabi/10.3.1/thumb/v7e-m+dp/hard/crtbegin.o
_ITM_registerTMCloneTable                         /usr/lib/gcc/arm-none-eabi/10.3.1/thumb/v7e-m+dp/hard/crtbegin.o
_Min_Stack_Size                                   build/sysmem.o
__TMC_END__                                       /usr/lib/gcc/arm-none-eabi/10.3.1/thumb/v7e-m+dp/hard/crtend.o
                                                  /usr/lib/gcc/arm-none-eabi/10.3.1/thumb/v7e-m+dp/hard/crtbegin.o
__atexit_dummy                                    /usr/lib/gcc/arm-none-eabi/10.3.1/../../../arm-none-eabi/lib/thumb/v7e-m+dp/hard/libc_nano.a(lib_a-__atexit.o)
__bss_end__                                       /usr/lib/gcc/arm-none-eabi/10.3.1/../../../arm-none-eabi/lib/thumb/v7e-m+dp/hard/crt0.o
__bss_start__                                     /usr/lib/gcc/arm-none-eabi/10.3.1/../../../arm-none-eabi/lib/thumb/v7e-m+dp/hard/crt0.o
__call_exitprocs                                  /usr/lib/gcc/arm-none-eabi/10.3.1/../../../arm-none-eabi/lib/thumb/v7e-m+dp/hard/libc_nano.a(lib_a-__call_atexit.o)
                                                  /usr/lib/gcc/arm-none-eabi/10.3.1/../../../arm-none-eabi/lib/thumb/v7e-m+dp/hard/libc_nano.a(lib_a-__atexit.o)
                                                  /usr/lib/gcc/arm-none-eabi/10.3.1/../../../arm-none-eabi/lib/thumb/v7e-m+dp/hard/libc_nano.a(lib_a-exit.o)
__deregister_frame_info                           /usr/lib/gcc/arm-none-eabi/10.3.1/thumb/v7e-m+dp/hard/crtbegin.o
__dso_handle                                      /usr/lib/gcc/arm-none-eabi/10.3.1/thumb/v7e-m+dp/hard/crtbegin.o
__env                                             build/syscalls.o
__errno                                           /usr/lib/gcc/arm-none-eabi/10.3.1/../../../arm-none-eabi/lib/thumb/v7e-m+dp/hard/libc_nano.a(lib_a-errno.o)
                                                  build/syscalls.o
                                                  build/sysmem.o
__fini_array_end                                  /usr/lib/gcc/arm-none-eabi/10.3.1/../../../arm-none-eabi/lib/thumb/v7e-m+dp/hard/libc_nano.a(lib_a-fini.o)
__fini_array_start                                /usr/lib/gcc/arm-none-eabi/10.3.1/../../../arm-none-eabi/lib/thumb/v7e-m+dp/hard/libc_nano.a(lib_a-fini.o)
__init_array_end                                  /usr/lib/gcc/arm-none-eabi/10.3.1/../../../arm-none-eabi/lib/thumb/v7e-m+dp/hard/libc_nano.a(lib_a-init.o)
__init_array_start                                /usr/lib/gcc/arm-none-eabi/10.3.1/../../../arm-none-eabi/lib/thumb/v7e-m+dp/hard/libc_nano.a(lib_a-init.o)
__io_getchar                                      build/syscalls.o
__io_putchar                                      build/syscalls.o
__libc_fini_array                                 /usr/lib/gcc/arm-none-eabi/10.3.1/../../../arm-none-eabi/lib/thumb/v7e-m+dp/hard/libc_nano.a(lib_a-fini.o)
                                                  /usr/lib/gcc/arm-none-eabi/10.3.1/../../../arm-none-eabi/lib/thumb/v7e-m+dp/hard/crt0.o
__libc_init_array                                 /usr/lib/gcc/arm-none-eabi/10.3.1/../../../arm-none-eabi/lib/thumb/v7e-m+dp/hard/libc_nano.a(lib_a-init.o)
                                                  build/startup_stm32h750xx.o
                                                  /usr/lib/gcc/arm-none-eabi/10.3.1/../../../arm-none-eabi/lib/thumb/v7e-m+dp/hard/crt0.o
__on_exit_args                                    /usr/lib/gcc/arm-none-eabi/10.3.1/../../../arm-none-eabi/lib/thumb/v7e-m+dp/hard/libc_nano.a(lib_a-__atexit.o)
__preinit_array_end                               /usr/lib/gcc/arm-none-eabi/10.3.1/../../../arm-none-eabi/lib/thumb/v7e-m+dp/hard/libc_nano.a(lib_a-init.o)
__preinit_array_start                             /usr/lib/gcc/arm-none-eabi/10.3.1/../../../arm-none-eabi/lib/thumb/v7e-m+dp/hard/libc_nano.a(lib_a-init.o)
__register_exitproc                               /usr/lib/gcc/arm-none-eabi/10.3.1/../../../arm-none-eabi/lib/thumb/v7e-m+dp/hard/libc_nano.a(lib_a-__atexit.o)
                                                  /usr/lib/gcc/arm-none-eabi/10.3.1/../../../arm-none-eabi/lib/thumb/v7e-m+dp/hard/libc_nano.a(lib_a-atexit.o)
__register_frame_info                             /usr/lib/gcc/arm-none-eabi/10.3.1/thumb/v7e-m+dp/hard/crtbegin.o
__sf_fake_stderr                                  /usr/lib/gcc/arm-none-eabi/10.3.1/../../../arm-none-eabi/lib/thumb/v7e-m+dp/hard/libc_nano.a(lib_a-impure.o)
__sf_fake_stdin                                   /usr/lib/gcc/arm-none-eabi/10.3.1/../../../arm-none-eabi/lib/thumb/v7e-m+dp/hard/libc_nano.a(lib_a-impure.o)
__sf_fake_stdout                                  /usr/lib/gcc/arm-none-eabi/10.3.1/../../../arm-none-eabi/lib/thumb/v7e-m+dp/hard/libc_nano.a(lib_a-impure.o)
__stack                                           /usr/lib/gcc/arm-none-eabi/10.3.1/../../../arm-none-eabi/lib/thumb/v7e-m+dp/hard/crt0.o
_close                                            build/syscalls.o
_ebss                                             build/startup_stm32h750xx.o
_edata                                            build/startup_stm32h750xx.o
_end                                              build/sysmem.o
_estack                                           build/startup_stm32h750xx.o
                                                  build/sysmem.o
_execve                                           build/syscalls.o
_exit                                             build/syscalls.o
                                                  /usr/lib/gcc/arm-none-eabi/10.3.1/../../../arm-none-eabi/lib/thumb/v7e-m+dp/hard/libc_nano.a(lib_a-exit.o)
_fini                                             /usr/lib/gcc/arm-none-eabi/10.3.1/thumb/v7e-m+dp/hard/crti.o
                                                  /usr/lib/gcc/arm-none-eabi/10.3.1/../../../arm-none-eabi/lib/thumb/v7e-m+dp/hard/libc_nano.a(lib_a-fini.o)
_fork                                             build/syscalls.o
_fstat                                            build/syscalls.o
_getpid                                           build/syscalls.o
_global_atexit                                    /usr/lib/gcc/arm-none-eabi/10.3.1/../../../arm-none-eabi/lib/thumb/v7e-m+dp/hard/libc_nano.a(lib_a-__call_atexit.o)
                                                  /usr/lib/gcc/arm-none-eabi/10.3.1/../../../arm-none-eabi/lib/thumb/v7e-m+dp/hard/libc_nano.a(lib_a-__atexit.o)
_global_impure_ptr                                /usr/lib/gcc/arm-none-eabi/10.3.1/../../../arm-none-eabi/lib/thumb/v7e-m+dp/hard/libc_nano.a(lib_a-impure.o)
                                                  /usr/lib/gcc/arm-none-eabi/10.3.1/../../../arm-none-eabi/lib/thumb/v7e-m+dp/hard/libc_nano.a(lib_a-exit.o)
_impure_ptr                                       /usr/lib/gcc/arm-none-eabi/10.3.1/../../../arm-none-eabi/lib/thumb/v7e-m+dp/hard/libc_nano.a(lib_a-impure.o)
                                                  /usr/lib/gcc/arm-none-eabi/10.3.1/../../../arm-none-eabi/lib/thumb/v7e-m+dp/hard/libc_nano.a(lib_a-errno.o)
_init                                             /usr/lib/gcc/arm-none-eabi/10.3.1/thumb/v7e-m+dp/hard/crti.o
                                                  /usr/lib/gcc/arm-none-eabi/10.3.1/../../../arm-none-eabi/lib/thumb/v7e-m+dp/hard/libc_nano.a(lib_a-init.o)
_isatty                                           build/syscalls.o
_kill                                             build/syscalls.o
_link                                             build/syscalls.o
_lseek                                            build/syscalls.o
_mainCRTStartup                                   /usr/lib/gcc/arm-none-eabi/10.3.1/../../../arm-none-eabi/lib/thumb/v7e-m+dp/hard/crt0.o
_open                                             build/syscalls.o
_read                                             build/syscalls.o
_sbrk                                             build/sysmem.o
_sbss                                             build/startup_stm32h750xx.o
_sdata                                            build/startup_stm32h750xx.o
_sidata                                           build/startup_stm32h750xx.o
_stack_init                                       /usr/lib/gcc/arm-none-eabi/10.3.1/../../../arm-none-eabi/lib/thumb/v7e-m+dp/hard/crt0.o
_start                                            /usr/lib/gcc/arm-none-eabi/10.3.1/../../../arm-none-eabi/lib/thumb/v7e-m+dp/hard/crt0.o
_stat                                             build/syscalls.o
_times                                            build/syscalls.o
_unlink                                           build/syscalls.o
_wait                                             build/syscalls.o
_write                                            build/syscalls.o
assert_failed                                     build/main.o
                                                  build/stm32h7xx_hal_exti.o
                                                  build/stm32h7xx_hal_i2c_ex.o
                                                  build/stm32h7xx_hal_i2c.o
                                                  build/stm32h7xx_hal.o
                                                  build/stm32h7xx_hal_pwr_ex.o
                                                  build/stm32h7xx_hal_pwr.o
                                                  build/stm32h7xx_hal_mdma.o
                                                  build/stm32h7xx_hal_dma_ex.o
                                                  build/stm32h7xx_hal_dma.o
                                                  build/stm32h7xx_hal_hsem.o
                                                  build/stm32h7xx_hal_gpio.o
                                                  build/stm32h7xx_hal_flash_ex.o
                                                  build/stm32h7xx_hal_flash.o
                                                  build/stm32h7xx_hal_rcc_ex.o
                                                  build/stm32h7xx_hal_rcc.o
                                                  build/stm32h7xx_hal_cortex.o
atexit                                            /usr/lib/gcc/arm-none-eabi/10.3.1/../../../arm-none-eabi/lib/thumb/v7e-m+dp/hard/libc_nano.a(lib_a-atexit.o)
                                                  /usr/lib/gcc/arm-none-eabi/10.3.1/../../../arm-none-eabi/lib/thumb/v7e-m+dp/hard/crt0.o
environ                                           build/syscalls.o
exit                                              /usr/lib/gcc/arm-none-eabi/10.3.1/../../../arm-none-eabi/lib/thumb/v7e-m+dp/hard/libc_nano.a(lib_a-exit.o)
                                                  /usr/lib/gcc/arm-none-eabi/10.3.1/../../../arm-none-eabi/lib/thumb/v7e-m+dp/hard/crt0.o
g_pfnVectors                                      build/startup_stm32h750xx.o
hardware_init_hook                                /usr/lib/gcc/arm-none-eabi/10.3.1/../../../arm-none-eabi/lib/thumb/v7e-m+dp/hard/crt0.o
initialise_monitor_handles                        build/syscalls.o
main                                              build/main.o
                                                  build/startup_stm32h750xx.o
                                                  /usr/lib/gcc/arm-none-eabi/10.3.1/../../../arm-none-eabi/lib/thumb/v7e-m+dp/hard/crt0.o
malloc                                            /usr/lib/gcc/arm-none-eabi/10.3.1/../../../arm-none-eabi/lib/thumb/v7e-m+dp/hard/libc_nano.a(lib_a-__atexit.o)
memset                                            /usr/lib/gcc/arm-none-eabi/10.3.1/../../../arm-none-eabi/lib/thumb/v7e-m+dp/hard/libc_nano.a(lib_a-memset.o)
                                                  build/main.o
                                                  /usr/lib/gcc/arm-none-eabi/10.3.1/../../../arm-none-eabi/lib/thumb/v7e-m+dp/hard/crt0.o
pFlash                                            build/stm32h7xx_hal_flash.o
                                                  build/stm32h7xx_hal_flash_ex.o
software_init_hook                                /usr/lib/gcc/arm-none-eabi/10.3.1/../../../arm-none-eabi/lib/thumb/v7e-m+dp/hard/crt0.o
uwTick                                            build/stm32h7xx_hal.o
uwTickFreq                                        build/stm32h7xx_hal.o
uwTickPrio                                        build/stm32h7xx_hal.o
                                                  build/stm32h7xx_hal_rcc.o
